<?xml version="1.0" encoding="ISO-8859-1" ?>
<link_info>
   <banner>MSP430 Linker PC v20.2.1.LTS</banner>
   <copyright>Copyright (c) 2003-2018 Texas Instruments Incorporated</copyright>
   <link_time>0x60191f82</link_time>
   <link_errors>0x0</link_errors>
   <output_file>msp430f5529.out</output_file>
   <entry_point>
      <name>_c_int00_noargs</name>
      <address>0x448c</address>
   </entry_point>
   <input_file_list>
      <input_file id="fl-2">
         <path>.\</path>
         <kind>object</kind>
         <file>main.obj</file>
         <name>main.obj</name>
      </input_file>
      <input_file id="fl-3">
         <path>.\includes\config\</path>
         <kind>object</kind>
         <file>adc_cfg.obj</file>
         <name>adc_cfg.obj</name>
      </input_file>
      <input_file id="fl-4">
         <path>.\includes\config\</path>
         <kind>object</kind>
         <file>clk_cfg.obj</file>
         <name>clk_cfg.obj</name>
      </input_file>
      <input_file id="fl-5">
         <path>.\includes\config\</path>
         <kind>object</kind>
         <file>fir_filter.obj</file>
         <name>fir_filter.obj</name>
      </input_file>
      <input_file id="fl-6">
         <path>.\includes\config\</path>
         <kind>object</kind>
         <file>gpio_cfg.obj</file>
         <name>gpio_cfg.obj</name>
      </input_file>
      <input_file id="fl-7">
         <path>.\includes\config\</path>
         <kind>object</kind>
         <file>iir_filter.obj</file>
         <name>iir_filter.obj</name>
      </input_file>
      <input_file id="fl-8">
         <path>.\includes\config\</path>
         <kind>object</kind>
         <file>timer_cfg.obj</file>
         <name>timer_cfg.obj</name>
      </input_file>
      <input_file id="fl-9">
         <path>.\includes\config\</path>
         <kind>object</kind>
         <file>uart_cfg.obj</file>
         <name>uart_cfg.obj</name>
      </input_file>
      <input_file id="fl-a">
         <path>.\includes\driverlib\</path>
         <kind>object</kind>
         <file>adc10_a.obj</file>
         <name>adc10_a.obj</name>
      </input_file>
      <input_file id="fl-b">
         <path>.\includes\driverlib\</path>
         <kind>object</kind>
         <file>adc12_a.obj</file>
         <name>adc12_a.obj</name>
      </input_file>
      <input_file id="fl-c">
         <path>.\includes\driverlib\</path>
         <kind>object</kind>
         <file>aes.obj</file>
         <name>aes.obj</name>
      </input_file>
      <input_file id="fl-d">
         <path>.\includes\driverlib\</path>
         <kind>object</kind>
         <file>battbak.obj</file>
         <name>battbak.obj</name>
      </input_file>
      <input_file id="fl-e">
         <path>.\includes\driverlib\</path>
         <kind>object</kind>
         <file>comp_b.obj</file>
         <name>comp_b.obj</name>
      </input_file>
      <input_file id="fl-f">
         <path>.\includes\driverlib\</path>
         <kind>object</kind>
         <file>crc.obj</file>
         <name>crc.obj</name>
      </input_file>
      <input_file id="fl-10">
         <path>.\includes\driverlib\</path>
         <kind>object</kind>
         <file>ctsd16.obj</file>
         <name>ctsd16.obj</name>
      </input_file>
      <input_file id="fl-11">
         <path>.\includes\driverlib\</path>
         <kind>object</kind>
         <file>dac12_a.obj</file>
         <name>dac12_a.obj</name>
      </input_file>
      <input_file id="fl-12">
         <path>.\includes\driverlib\</path>
         <kind>object</kind>
         <file>dma.obj</file>
         <name>dma.obj</name>
      </input_file>
      <input_file id="fl-13">
         <path>.\includes\driverlib\</path>
         <kind>object</kind>
         <file>eusci_a_spi.obj</file>
         <name>eusci_a_spi.obj</name>
      </input_file>
      <input_file id="fl-14">
         <path>.\includes\driverlib\</path>
         <kind>object</kind>
         <file>eusci_a_uart.obj</file>
         <name>eusci_a_uart.obj</name>
      </input_file>
      <input_file id="fl-15">
         <path>.\includes\driverlib\</path>
         <kind>object</kind>
         <file>eusci_b_i2c.obj</file>
         <name>eusci_b_i2c.obj</name>
      </input_file>
      <input_file id="fl-16">
         <path>.\includes\driverlib\</path>
         <kind>object</kind>
         <file>eusci_b_spi.obj</file>
         <name>eusci_b_spi.obj</name>
      </input_file>
      <input_file id="fl-17">
         <path>.\includes\driverlib\</path>
         <kind>object</kind>
         <file>flashctl.obj</file>
         <name>flashctl.obj</name>
      </input_file>
      <input_file id="fl-18">
         <path>.\includes\driverlib\</path>
         <kind>object</kind>
         <file>gpio.obj</file>
         <name>gpio.obj</name>
      </input_file>
      <input_file id="fl-19">
         <path>.\includes\driverlib\</path>
         <kind>object</kind>
         <file>lcd_b.obj</file>
         <name>lcd_b.obj</name>
      </input_file>
      <input_file id="fl-1a">
         <path>.\includes\driverlib\</path>
         <kind>object</kind>
         <file>lcd_c.obj</file>
         <name>lcd_c.obj</name>
      </input_file>
      <input_file id="fl-1b">
         <path>.\includes\driverlib\</path>
         <kind>object</kind>
         <file>ldopwr.obj</file>
         <name>ldopwr.obj</name>
      </input_file>
      <input_file id="fl-1c">
         <path>.\includes\driverlib\</path>
         <kind>object</kind>
         <file>mpy32.obj</file>
         <name>mpy32.obj</name>
      </input_file>
      <input_file id="fl-1d">
         <path>.\includes\driverlib\</path>
         <kind>object</kind>
         <file>oa.obj</file>
         <name>oa.obj</name>
      </input_file>
      <input_file id="fl-1e">
         <path>.\includes\driverlib\</path>
         <kind>object</kind>
         <file>pmap.obj</file>
         <name>pmap.obj</name>
      </input_file>
      <input_file id="fl-1f">
         <path>.\includes\driverlib\</path>
         <kind>object</kind>
         <file>pmm.obj</file>
         <name>pmm.obj</name>
      </input_file>
      <input_file id="fl-20">
         <path>.\includes\driverlib\</path>
         <kind>object</kind>
         <file>ram.obj</file>
         <name>ram.obj</name>
      </input_file>
      <input_file id="fl-21">
         <path>.\includes\driverlib\</path>
         <kind>object</kind>
         <file>ref.obj</file>
         <name>ref.obj</name>
      </input_file>
      <input_file id="fl-22">
         <path>.\includes\driverlib\</path>
         <kind>object</kind>
         <file>rtc_a.obj</file>
         <name>rtc_a.obj</name>
      </input_file>
      <input_file id="fl-23">
         <path>.\includes\driverlib\</path>
         <kind>object</kind>
         <file>rtc_b.obj</file>
         <name>rtc_b.obj</name>
      </input_file>
      <input_file id="fl-24">
         <path>.\includes\driverlib\</path>
         <kind>object</kind>
         <file>rtc_c.obj</file>
         <name>rtc_c.obj</name>
      </input_file>
      <input_file id="fl-25">
         <path>.\includes\driverlib\</path>
         <kind>object</kind>
         <file>sd24_b.obj</file>
         <name>sd24_b.obj</name>
      </input_file>
      <input_file id="fl-26">
         <path>.\includes\driverlib\</path>
         <kind>object</kind>
         <file>sfr.obj</file>
         <name>sfr.obj</name>
      </input_file>
      <input_file id="fl-27">
         <path>.\includes\driverlib\</path>
         <kind>object</kind>
         <file>sysctl.obj</file>
         <name>sysctl.obj</name>
      </input_file>
      <input_file id="fl-28">
         <path>.\includes\driverlib\</path>
         <kind>object</kind>
         <file>tec.obj</file>
         <name>tec.obj</name>
      </input_file>
      <input_file id="fl-29">
         <path>.\includes\driverlib\</path>
         <kind>object</kind>
         <file>timer_a.obj</file>
         <name>timer_a.obj</name>
      </input_file>
      <input_file id="fl-2a">
         <path>.\includes\driverlib\</path>
         <kind>object</kind>
         <file>timer_b.obj</file>
         <name>timer_b.obj</name>
      </input_file>
      <input_file id="fl-2b">
         <path>.\includes\driverlib\</path>
         <kind>object</kind>
         <file>timer_d.obj</file>
         <name>timer_d.obj</name>
      </input_file>
      <input_file id="fl-2c">
         <path>.\includes\driverlib\</path>
         <kind>object</kind>
         <file>tlv.obj</file>
         <name>tlv.obj</name>
      </input_file>
      <input_file id="fl-2d">
         <path>.\includes\driverlib\</path>
         <kind>object</kind>
         <file>ucs.obj</file>
         <name>ucs.obj</name>
      </input_file>
      <input_file id="fl-2e">
         <path>.\includes\driverlib\</path>
         <kind>object</kind>
         <file>usci_a_spi.obj</file>
         <name>usci_a_spi.obj</name>
      </input_file>
      <input_file id="fl-2f">
         <path>.\includes\driverlib\</path>
         <kind>object</kind>
         <file>usci_a_uart.obj</file>
         <name>usci_a_uart.obj</name>
      </input_file>
      <input_file id="fl-30">
         <path>.\includes\driverlib\</path>
         <kind>object</kind>
         <file>usci_b_i2c.obj</file>
         <name>usci_b_i2c.obj</name>
      </input_file>
      <input_file id="fl-31">
         <path>.\includes\driverlib\</path>
         <kind>object</kind>
         <file>usci_b_spi.obj</file>
         <name>usci_b_spi.obj</name>
      </input_file>
      <input_file id="fl-32">
         <path>.\includes\driverlib\</path>
         <kind>object</kind>
         <file>wdt_a.obj</file>
         <name>wdt_a.obj</name>
      </input_file>
      <input_file id="fl-38">
         <kind>object</kind>
         <file>&lt;internal&gt;</file>
         <name>&lt;internal&gt;</name>
      </input_file>
      <input_file id="fl-53">
         <path>C:\ti\ccs1011\ccs\tools\compiler\ti-cgt-msp430_20.2.1.LTS\lib\</path>
         <kind>archive</kind>
         <file>rts430x_lc_rd_eabi.lib</file>
         <name>sprintf.c.obj</name>
      </input_file>
      <input_file id="fl-54">
         <path>C:\ti\ccs1011\ccs\tools\compiler\ti-cgt-msp430_20.2.1.LTS\lib\</path>
         <kind>archive</kind>
         <file>rts430x_lc_rd_eabi.lib</file>
         <name>div16s.asm.obj</name>
      </input_file>
      <input_file id="fl-55">
         <path>C:\ti\ccs1011\ccs\tools\compiler\ti-cgt-msp430_20.2.1.LTS\lib\</path>
         <kind>archive</kind>
         <file>rts430x_lc_rd_eabi.lib</file>
         <name>div16u.asm.obj</name>
      </input_file>
      <input_file id="fl-56">
         <path>C:\ti\ccs1011\ccs\tools\compiler\ti-cgt-msp430_20.2.1.LTS\lib\</path>
         <kind>archive</kind>
         <file>rts430x_lc_rd_eabi.lib</file>
         <name>div32s.asm.obj</name>
      </input_file>
      <input_file id="fl-57">
         <path>C:\ti\ccs1011\ccs\tools\compiler\ti-cgt-msp430_20.2.1.LTS\lib\</path>
         <kind>archive</kind>
         <file>rts430x_lc_rd_eabi.lib</file>
         <name>div32u.asm.obj</name>
      </input_file>
      <input_file id="fl-58">
         <path>C:\ti\ccs1011\ccs\tools\compiler\ti-cgt-msp430_20.2.1.LTS\lib\</path>
         <kind>archive</kind>
         <file>rts430x_lc_rd_eabi.lib</file>
         <name>fs_add.asm.obj</name>
      </input_file>
      <input_file id="fl-59">
         <path>C:\ti\ccs1011\ccs\tools\compiler\ti-cgt-msp430_20.2.1.LTS\lib\</path>
         <kind>archive</kind>
         <file>rts430x_lc_rd_eabi.lib</file>
         <name>fs_mpy.asm.obj</name>
      </input_file>
      <input_file id="fl-5a">
         <path>C:\ti\ccs1011\ccs\tools\compiler\ti-cgt-msp430_20.2.1.LTS\lib\</path>
         <kind>archive</kind>
         <file>rts430x_lc_rd_eabi.lib</file>
         <name>fs_tou.asm.obj</name>
      </input_file>
      <input_file id="fl-5b">
         <path>C:\ti\ccs1011\ccs\tools\compiler\ti-cgt-msp430_20.2.1.LTS\lib\</path>
         <kind>archive</kind>
         <file>rts430x_lc_rd_eabi.lib</file>
         <name>fs_utof.asm.obj</name>
      </input_file>
      <input_file id="fl-5c">
         <path>C:\ti\ccs1011\ccs\tools\compiler\ti-cgt-msp430_20.2.1.LTS\lib\</path>
         <kind>archive</kind>
         <file>rts430x_lc_rd_eabi.lib</file>
         <name>int41.asm.obj</name>
      </input_file>
      <input_file id="fl-5d">
         <path>C:\ti\ccs1011\ccs\tools\compiler\ti-cgt-msp430_20.2.1.LTS\lib\</path>
         <kind>archive</kind>
         <file>rts430x_lc_rd_eabi.lib</file>
         <name>int42.asm.obj</name>
      </input_file>
      <input_file id="fl-5e">
         <path>C:\ti\ccs1011\ccs\tools\compiler\ti-cgt-msp430_20.2.1.LTS\lib\</path>
         <kind>archive</kind>
         <file>rts430x_lc_rd_eabi.lib</file>
         <name>int43.asm.obj</name>
      </input_file>
      <input_file id="fl-5f">
         <path>C:\ti\ccs1011\ccs\tools\compiler\ti-cgt-msp430_20.2.1.LTS\lib\</path>
         <kind>archive</kind>
         <file>rts430x_lc_rd_eabi.lib</file>
         <name>int45.asm.obj</name>
      </input_file>
      <input_file id="fl-60">
         <path>C:\ti\ccs1011\ccs\tools\compiler\ti-cgt-msp430_20.2.1.LTS\lib\</path>
         <kind>archive</kind>
         <file>rts430x_lc_rd_eabi.lib</file>
         <name>int46.asm.obj</name>
      </input_file>
      <input_file id="fl-61">
         <path>C:\ti\ccs1011\ccs\tools\compiler\ti-cgt-msp430_20.2.1.LTS\lib\</path>
         <kind>archive</kind>
         <file>rts430x_lc_rd_eabi.lib</file>
         <name>int48.asm.obj</name>
      </input_file>
      <input_file id="fl-62">
         <path>C:\ti\ccs1011\ccs\tools\compiler\ti-cgt-msp430_20.2.1.LTS\lib\</path>
         <kind>archive</kind>
         <file>rts430x_lc_rd_eabi.lib</file>
         <name>int50.asm.obj</name>
      </input_file>
      <input_file id="fl-63">
         <path>C:\ti\ccs1011\ccs\tools\compiler\ti-cgt-msp430_20.2.1.LTS\lib\</path>
         <kind>archive</kind>
         <file>rts430x_lc_rd_eabi.lib</file>
         <name>int51.asm.obj</name>
      </input_file>
      <input_file id="fl-64">
         <path>C:\ti\ccs1011\ccs\tools\compiler\ti-cgt-msp430_20.2.1.LTS\lib\</path>
         <kind>archive</kind>
         <file>rts430x_lc_rd_eabi.lib</file>
         <name>int52.asm.obj</name>
      </input_file>
      <input_file id="fl-65">
         <path>C:\ti\ccs1011\ccs\tools\compiler\ti-cgt-msp430_20.2.1.LTS\lib\</path>
         <kind>archive</kind>
         <file>rts430x_lc_rd_eabi.lib</file>
         <name>int53.asm.obj</name>
      </input_file>
      <input_file id="fl-66">
         <path>C:\ti\ccs1011\ccs\tools\compiler\ti-cgt-msp430_20.2.1.LTS\lib\</path>
         <kind>archive</kind>
         <file>rts430x_lc_rd_eabi.lib</file>
         <name>int55.asm.obj</name>
      </input_file>
      <input_file id="fl-67">
         <path>C:\ti\ccs1011\ccs\tools\compiler\ti-cgt-msp430_20.2.1.LTS\lib\</path>
         <kind>archive</kind>
         <file>rts430x_lc_rd_eabi.lib</file>
         <name>int57.asm.obj</name>
      </input_file>
      <input_file id="fl-68">
         <path>C:\ti\ccs1011\ccs\tools\compiler\ti-cgt-msp430_20.2.1.LTS\lib\</path>
         <kind>archive</kind>
         <file>rts430x_lc_rd_eabi.lib</file>
         <name>int58.asm.obj</name>
      </input_file>
      <input_file id="fl-69">
         <path>C:\ti\ccs1011\ccs\tools\compiler\ti-cgt-msp430_20.2.1.LTS\lib\</path>
         <kind>archive</kind>
         <file>rts430x_lc_rd_eabi.lib</file>
         <name>int59.asm.obj</name>
      </input_file>
      <input_file id="fl-6a">
         <path>C:\ti\ccs1011\ccs\tools\compiler\ti-cgt-msp430_20.2.1.LTS\lib\</path>
         <kind>archive</kind>
         <file>rts430x_lc_rd_eabi.lib</file>
         <name>int60.asm.obj</name>
      </input_file>
      <input_file id="fl-6b">
         <path>C:\ti\ccs1011\ccs\tools\compiler\ti-cgt-msp430_20.2.1.LTS\lib\</path>
         <kind>archive</kind>
         <file>rts430x_lc_rd_eabi.lib</file>
         <name>int62.asm.obj</name>
      </input_file>
      <input_file id="fl-6c">
         <path>C:\ti\ccs1011\ccs\tools\compiler\ti-cgt-msp430_20.2.1.LTS\lib\</path>
         <kind>archive</kind>
         <file>rts430x_lc_rd_eabi.lib</file>
         <name>isr_trap.asm.obj</name>
      </input_file>
      <input_file id="fl-6d">
         <path>C:\ti\ccs1011\ccs\tools\compiler\ti-cgt-msp430_20.2.1.LTS\lib\</path>
         <kind>archive</kind>
         <file>rts430x_lc_rd_eabi.lib</file>
         <name>lsl16.asm.obj</name>
      </input_file>
      <input_file id="fl-6e">
         <path>C:\ti\ccs1011\ccs\tools\compiler\ti-cgt-msp430_20.2.1.LTS\lib\</path>
         <kind>archive</kind>
         <file>rts430x_lc_rd_eabi.lib</file>
         <name>mult16.asm.obj</name>
      </input_file>
      <input_file id="fl-6f">
         <path>C:\ti\ccs1011\ccs\tools\compiler\ti-cgt-msp430_20.2.1.LTS\lib\</path>
         <kind>archive</kind>
         <file>rts430x_lc_rd_eabi.lib</file>
         <name>mult16_f5hw.asm.obj</name>
      </input_file>
      <input_file id="fl-70">
         <path>C:\ti\ccs1011\ccs\tools\compiler\ti-cgt-msp430_20.2.1.LTS\lib\</path>
         <kind>archive</kind>
         <file>rts430x_lc_rd_eabi.lib</file>
         <name>mult1632_f5hw.asm.obj</name>
      </input_file>
      <input_file id="fl-71">
         <path>C:\ti\ccs1011\ccs\tools\compiler\ti-cgt-msp430_20.2.1.LTS\lib\</path>
         <kind>archive</kind>
         <file>rts430x_lc_rd_eabi.lib</file>
         <name>mult32.asm.obj</name>
      </input_file>
      <input_file id="fl-72">
         <path>C:\ti\ccs1011\ccs\tools\compiler\ti-cgt-msp430_20.2.1.LTS\lib\</path>
         <kind>archive</kind>
         <file>rts430x_lc_rd_eabi.lib</file>
         <name>mult32_f5hw.asm.obj</name>
      </input_file>
      <input_file id="fl-73">
         <path>C:\ti\ccs1011\ccs\tools\compiler\ti-cgt-msp430_20.2.1.LTS\lib\</path>
         <kind>archive</kind>
         <file>rts430x_lc_rd_eabi.lib</file>
         <name>mult3264_f5hw.asm.obj</name>
      </input_file>
      <input_file id="fl-74">
         <path>C:\ti\ccs1011\ccs\tools\compiler\ti-cgt-msp430_20.2.1.LTS\lib\</path>
         <kind>archive</kind>
         <file>rts430x_lc_rd_eabi.lib</file>
         <name>mult64_f5hw.asm.obj</name>
      </input_file>
      <input_file id="fl-75">
         <path>C:\ti\ccs1011\ccs\tools\compiler\ti-cgt-msp430_20.2.1.LTS\lib\</path>
         <kind>archive</kind>
         <file>rts430x_lc_rd_eabi.lib</file>
         <name>boot.c.obj</name>
      </input_file>
      <input_file id="fl-76">
         <path>C:\ti\ccs1011\ccs\tools\compiler\ti-cgt-msp430_20.2.1.LTS\lib\</path>
         <kind>archive</kind>
         <file>rts430x_lc_rd_eabi.lib</file>
         <name>autoinit.c.obj</name>
      </input_file>
      <input_file id="fl-77">
         <path>C:\ti\ccs1011\ccs\tools\compiler\ti-cgt-msp430_20.2.1.LTS\lib\</path>
         <kind>archive</kind>
         <file>rts430x_lc_rd_eabi.lib</file>
         <name>copy_zero_init.c.obj</name>
      </input_file>
      <input_file id="fl-78">
         <path>C:\ti\ccs1011\ccs\tools\compiler\ti-cgt-msp430_20.2.1.LTS\lib\</path>
         <kind>archive</kind>
         <file>rts430x_lc_rd_eabi.lib</file>
         <name>cpy_tbl.c.obj</name>
      </input_file>
      <input_file id="fl-79">
         <path>C:\ti\ccs1011\ccs\tools\compiler\ti-cgt-msp430_20.2.1.LTS\lib\</path>
         <kind>archive</kind>
         <file>rts430x_lc_rd_eabi.lib</file>
         <name>mpu_init.c.obj</name>
      </input_file>
      <input_file id="fl-7a">
         <path>C:\ti\ccs1011\ccs\tools\compiler\ti-cgt-msp430_20.2.1.LTS\lib\</path>
         <kind>archive</kind>
         <file>rts430x_lc_rd_eabi.lib</file>
         <name>pre_init.c.obj</name>
      </input_file>
      <input_file id="fl-7b">
         <path>C:\ti\ccs1011\ccs\tools\compiler\ti-cgt-msp430_20.2.1.LTS\lib\</path>
         <kind>archive</kind>
         <file>rts430x_lc_rd_eabi.lib</file>
         <name>startup.c.obj</name>
      </input_file>
      <input_file id="fl-7c">
         <path>C:\ti\ccs1011\ccs\tools\compiler\ti-cgt-msp430_20.2.1.LTS\lib\</path>
         <kind>archive</kind>
         <file>rts430x_lc_rd_eabi.lib</file>
         <name>copy_decompress_none.c.obj</name>
      </input_file>
      <input_file id="fl-7d">
         <path>C:\ti\ccs1011\ccs\tools\compiler\ti-cgt-msp430_20.2.1.LTS\lib\</path>
         <kind>archive</kind>
         <file>rts430x_lc_rd_eabi.lib</file>
         <name>copy_decompress_lzss.c.obj</name>
      </input_file>
      <input_file id="fl-7e">
         <path>C:\ti\ccs1011\ccs\tools\compiler\ti-cgt-msp430_20.2.1.LTS\lib\</path>
         <kind>archive</kind>
         <file>rts430x_lc_rd_eabi.lib</file>
         <name>exit.c.obj</name>
      </input_file>
      <input_file id="fl-7f">
         <path>C:\ti\ccs1011\ccs\tools\compiler\ti-cgt-msp430_20.2.1.LTS\lib\</path>
         <kind>archive</kind>
         <file>rts430x_lc_rd_eabi.lib</file>
         <name>_lock.c.obj</name>
      </input_file>
      <input_file id="fl-80">
         <path>C:\ti\ccs1011\ccs\tools\compiler\ti-cgt-msp430_20.2.1.LTS\lib\</path>
         <kind>archive</kind>
         <file>rts430x_lc_rd_eabi.lib</file>
         <name>args_main.c.obj</name>
      </input_file>
      <input_file id="fl-81">
         <path>C:\ti\ccs1011\ccs\tools\compiler\ti-cgt-msp430_20.2.1.LTS\lib\</path>
         <kind>archive</kind>
         <file>rts430x_lc_rd_eabi.lib</file>
         <name>memcpy.c.obj</name>
      </input_file>
      <input_file id="fl-82">
         <path>C:\ti\ccs1011\ccs\tools\compiler\ti-cgt-msp430_20.2.1.LTS\lib\</path>
         <kind>archive</kind>
         <file>rts430x_lc_rd_eabi.lib</file>
         <name>strcpy.c.obj</name>
      </input_file>
      <input_file id="fl-83">
         <path>C:\ti\ccs1011\ccs\tools\compiler\ti-cgt-msp430_20.2.1.LTS\lib\</path>
         <kind>archive</kind>
         <file>rts430x_lc_rd_eabi.lib</file>
         <name>strlen.c.obj</name>
      </input_file>
      <input_file id="fl-84">
         <path>C:\ti\ccs1011\ccs\tools\compiler\ti-cgt-msp430_20.2.1.LTS\lib\</path>
         <kind>archive</kind>
         <file>rts430x_lc_rd_eabi.lib</file>
         <name>_printfi_min.c.obj</name>
      </input_file>
      <input_file id="fl-85">
         <path>C:\ti\ccs1011\ccs\tools\compiler\ti-cgt-msp430_20.2.1.LTS\lib\</path>
         <kind>archive</kind>
         <file>rts430x_lc_rd_eabi.lib</file>
         <name>exit_gvars.c.obj</name>
      </input_file>
      <input_file id="fl-86">
         <path>C:\ti\ccs1011\ccs\tools\compiler\ti-cgt-msp430_20.2.1.LTS\lib\</path>
         <kind>archive</kind>
         <file>rts430x_lc_rd_eabi.lib</file>
         <name>lsr64.c.obj</name>
      </input_file>
      <input_file id="fl-87">
         <path>C:\ti\ccs1011\ccs\tools\compiler\ti-cgt-msp430_20.2.1.LTS\lib\</path>
         <kind>archive</kind>
         <file>rts430x_lc_rd_eabi.lib</file>
         <name>memccpy.c.obj</name>
      </input_file>
      <input_file id="fl-88">
         <path>C:\ti\ccs1011\ccs\tools\compiler\ti-cgt-msp430_20.2.1.LTS\lib\</path>
         <kind>archive</kind>
         <file>rts430x_lc_rd_eabi.lib</file>
         <name>memset.c.obj</name>
      </input_file>
   </input_file_list>
   <object_component_list>
      <object_component id="oc-42a">
         <name>.common:status</name>
         <uninitialized>true</uninitialized>
         <run_address>0x2446</run_address>
         <size>0x2</size>
      </object_component>
      <object_component id="oc-5e9">
         <name>.common:uart_transmit_set_val</name>
         <uninitialized>true</uninitialized>
         <run_address>0x2448</run_address>
         <size>0x2</size>
      </object_component>
      <object_component id="oc-3fe">
         <name>.data</name>
         <load_address>0x2400</load_address>
         <run_address>0x2400</run_address>
         <size>0x1d</size>
         <input_file_ref idref="fl-2"/>
      </object_component>
      <object_component id="oc-548">
         <name>.data</name>
         <load_address>0x2442</load_address>
         <run_address>0x2442</run_address>
         <size>0x4</size>
         <input_file_ref idref="fl-4"/>
      </object_component>
      <object_component id="oc-411">
         <name>.data</name>
         <load_address>0x241e</load_address>
         <run_address>0x241e</run_address>
         <size>0xf</size>
         <input_file_ref idref="fl-9"/>
      </object_component>
      <object_component id="oc-41a">
         <name>.data:uart_received_data</name>
         <load_address>0x242e</load_address>
         <run_address>0x242e</run_address>
         <size>0xc</size>
         <input_file_ref idref="fl-9"/>
      </object_component>
      <object_component id="oc-6cc">
         <name>.data</name>
         <load_address>0x243a</load_address>
         <run_address>0x243a</run_address>
         <size>0x8</size>
         <input_file_ref idref="fl-2d"/>
      </object_component>
      <object_component id="oc-36b">
         <name>.stack</name>
         <uninitialized>true</uninitialized>
         <run_address>0x4360</run_address>
         <size>0x4</size>
         <input_file_ref idref="fl-75"/>
      </object_component>
      <object_component id="oc-7cf">
         <name>.stack</name>
         <uninitialized>true</uninitialized>
         <run_address>0x4360</run_address>
         <size>0x0</size>
      </object_component>
      <object_component id="oc-6f1">
         <name>.text:_setfield</name>
         <load_address>0x10000</load_address>
         <run_address>0x10000</run_address>
         <size>0x132</size>
         <input_file_ref idref="fl-84"/>
      </object_component>
      <object_component id="oc-6d4">
         <name>.text:privateUCSSourceClockFromDCO</name>
         <load_address>0x10132</load_address>
         <run_address>0x10132</run_address>
         <size>0x108</size>
         <input_file_ref idref="fl-2d"/>
      </object_component>
      <object_component id="oc-4a3">
         <name>.text:Init_ADC</name>
         <load_address>0x1023a</load_address>
         <run_address>0x1023a</run_address>
         <size>0xf8</size>
         <input_file_ref idref="fl-3"/>
      </object_component>
      <object_component id="oc-64d">
         <name>.text:UCS_initFLL</name>
         <load_address>0x10332</load_address>
         <run_address>0x10332</run_address>
         <size>0xe2</size>
         <input_file_ref idref="fl-2d"/>
      </object_component>
      <object_component id="oc-63f">
         <name>.text:PMM_setVCoreUp</name>
         <load_address>0x10414</load_address>
         <run_address>0x10414</run_address>
         <size>0xe0</size>
         <input_file_ref idref="fl-1f"/>
      </object_component>
      <object_component id="oc-655">
         <name>.text:privateUCSComputeCLKFrequency</name>
         <load_address>0x104f4</load_address>
         <run_address>0x104f4</run_address>
         <size>0xde</size>
         <input_file_ref idref="fl-2d"/>
      </object_component>
      <object_component id="oc-68e">
         <name>.text:__TI_printfi_minimal</name>
         <load_address>0x105d2</load_address>
         <run_address>0x105d2</run_address>
         <size>0xdc</size>
         <input_file_ref idref="fl-84"/>
      </object_component>
      <object_component id="oc-736">
         <name>.text:_pproc_diouxp</name>
         <load_address>0x106ae</load_address>
         <run_address>0x106ae</run_address>
         <size>0xda</size>
         <input_file_ref idref="fl-84"/>
      </object_component>
      <object_component id="oc-57f">
         <name>.text:USCI_A_UART_init</name>
         <load_address>0x10788</load_address>
         <run_address>0x10788</run_address>
         <size>0xd6</size>
         <input_file_ref idref="fl-2f"/>
      </object_component>
      <object_component id="oc-536">
         <name>.text:UCS_initClockSignal</name>
         <load_address>0x1085e</load_address>
         <run_address>0x1085e</run_address>
         <size>0xa6</size>
         <input_file_ref idref="fl-2d"/>
      </object_component>
      <object_component id="oc-645">
         <name>.text:PMM_setVCoreDown</name>
         <load_address>0x10904</load_address>
         <run_address>0x10904</run_address>
         <size>0xa2</size>
         <input_file_ref idref="fl-1f"/>
      </object_component>
      <object_component id="oc-497">
         <name>.text:Init_Timer_A</name>
         <load_address>0x109a6</load_address>
         <run_address>0x109a6</run_address>
         <size>0x98</size>
         <input_file_ref idref="fl-8"/>
      </object_component>
      <object_component id="oc-49d">
         <name>.text:Init_UART</name>
         <load_address>0x10a3e</load_address>
         <run_address>0x10a3e</run_address>
         <size>0x80</size>
         <input_file_ref idref="fl-9"/>
      </object_component>
      <object_component id="oc-561">
         <name>.text:Timer_A_initUpMode</name>
         <load_address>0x10abe</load_address>
         <run_address>0x10abe</run_address>
         <size>0x7c</size>
         <input_file_ref idref="fl-29"/>
      </object_component>
      <object_component id="oc-6d">
         <name>.text:decompress:lzss:__TI_decompress_lzss</name>
         <load_address>0x10b3a</load_address>
         <run_address>0x10b3a</run_address>
         <size>0x76</size>
         <input_file_ref idref="fl-7d"/>
      </object_component>
      <object_component id="oc-6cf">
         <name>.text</name>
         <load_address>0x10bb0</load_address>
         <run_address>0x10bb0</run_address>
         <size>0x58</size>
         <input_file_ref idref="fl-57"/>
      </object_component>
      <object_component id="oc-4b5">
         <name>.text:UART_serialplot</name>
         <load_address>0x10c08</load_address>
         <run_address>0x10c08</run_address>
         <size>0x56</size>
         <input_file_ref idref="fl-9"/>
      </object_component>
      <object_component id="oc-4e0">
         <name>.text:__TI_auto_init_nobinit_nopinit_hold_wdt:__TI_auto_init_nobinit_nopinit_hold_wdt</name>
         <load_address>0x10c5e</load_address>
         <run_address>0x10c5e</run_address>
         <size>0x54</size>
         <input_file_ref idref="fl-76"/>
      </object_component>
      <object_component id="oc-530">
         <name>.text:PMM_setVCore</name>
         <load_address>0x10cb2</load_address>
         <run_address>0x10cb2</run_address>
         <size>0x52</size>
         <input_file_ref idref="fl-1f"/>
      </object_component>
      <object_component id="oc-5aa">
         <name>.text:ADC12_A_init</name>
         <load_address>0x10d04</load_address>
         <run_address>0x10d04</run_address>
         <size>0x50</size>
         <input_file_ref idref="fl-b"/>
      </object_component>
      <object_component id="oc-491">
         <name>.text:Init_CLK</name>
         <load_address>0x10d54</load_address>
         <run_address>0x10d54</run_address>
         <size>0x4c</size>
         <input_file_ref idref="fl-4"/>
      </object_component>
      <object_component id="oc-43c">
         <name>.text:main</name>
         <load_address>0x10da0</load_address>
         <run_address>0x10da0</run_address>
         <size>0x4a</size>
         <input_file_ref idref="fl-2"/>
      </object_component>
      <object_component id="oc-6f7">
         <name>.text:_pproc_str</name>
         <load_address>0x10dea</load_address>
         <run_address>0x10dea</run_address>
         <size>0x48</size>
         <input_file_ref idref="fl-84"/>
      </object_component>
      <object_component id="oc-5ea">
         <name>.text:sprintf</name>
         <load_address>0x10e32</load_address>
         <run_address>0x10e32</run_address>
         <size>0x44</size>
         <input_file_ref idref="fl-53"/>
      </object_component>
      <object_component id="oc-5c2">
         <name>.text:ADC12_A_enableInterrupt</name>
         <load_address>0x10e76</load_address>
         <run_address>0x10e76</run_address>
         <size>0x40</size>
         <input_file_ref idref="fl-b"/>
      </object_component>
      <object_component id="oc-6da">
         <name>.text</name>
         <load_address>0x10eb6</load_address>
         <run_address>0x10eb6</run_address>
         <size>0x40</size>
         <input_file_ref idref="fl-56"/>
      </object_component>
      <object_component id="oc-523">
         <name>.text:GPIO_setAsInputPinWithPullUpResistor</name>
         <load_address>0x10ef6</load_address>
         <run_address>0x10ef6</run_address>
         <size>0x3e</size>
         <input_file_ref idref="fl-18"/>
      </object_component>
      <object_component id="oc-48b">
         <name>.text:Init_GPIO</name>
         <load_address>0x10f34</load_address>
         <run_address>0x10f34</run_address>
         <size>0x36</size>
         <input_file_ref idref="fl-6"/>
      </object_component>
      <object_component id="oc-53c">
         <name>.text:UCS_initFLLSettle</name>
         <load_address>0x10f6a</load_address>
         <run_address>0x10f6a</run_address>
         <size>0x36</size>
         <input_file_ref idref="fl-2d"/>
      </object_component>
      <object_component id="oc-5e1">
         <name>.text:ADC12_A_startConversion</name>
         <load_address>0x10fa0</load_address>
         <run_address>0x10fa0</run_address>
         <size>0x32</size>
         <input_file_ref idref="fl-b"/>
      </object_component>
      <object_component id="oc-6df">
         <name>.text</name>
         <load_address>0x10fd2</load_address>
         <run_address>0x10fd2</run_address>
         <size>0x2c</size>
         <input_file_ref idref="fl-54"/>
      </object_component>
      <object_component id="oc-517">
         <name>.text:GPIO_setAsOutputPin</name>
         <load_address>0x10ffe</load_address>
         <run_address>0x10ffe</run_address>
         <size>0x28</size>
         <input_file_ref idref="fl-18"/>
      </object_component>
      <object_component id="oc-570">
         <name>.text:GPIO_setAsPeripheralModuleFunctionInputPin</name>
         <load_address>0x11026</load_address>
         <run_address>0x11026</run_address>
         <size>0x28</size>
         <input_file_ref idref="fl-18"/>
      </object_component>
      <object_component id="oc-576">
         <name>.text:GPIO_setAsPeripheralModuleFunctionOutputPin</name>
         <load_address>0x1104e</load_address>
         <run_address>0x1104e</run_address>
         <size>0x28</size>
         <input_file_ref idref="fl-18"/>
      </object_component>
      <object_component id="oc-5b6">
         <name>.text:ADC12_A_configureMemory</name>
         <load_address>0x11076</load_address>
         <run_address>0x11076</run_address>
         <size>0x26</size>
         <input_file_ref idref="fl-b"/>
      </object_component>
      <object_component id="oc-5b0">
         <name>.text:ADC12_A_setupSamplingTimer</name>
         <load_address>0x1109c</load_address>
         <run_address>0x1109c</run_address>
         <size>0x26</size>
         <input_file_ref idref="fl-b"/>
      </object_component>
      <object_component id="oc-73c">
         <name>.text:memccpy</name>
         <load_address>0x110c2</load_address>
         <run_address>0x110c2</run_address>
         <size>0x26</size>
         <input_file_ref idref="fl-87"/>
      </object_component>
      <object_component id="oc-3b0">
         <name>.text:decompress:ZI:__TI_zero_init_nomemset:__TI_zero_init_nomemset</name>
         <load_address>0x110e8</load_address>
         <run_address>0x110e8</run_address>
         <size>0x24</size>
         <input_file_ref idref="fl-77"/>
      </object_component>
      <object_component id="oc-722">
         <name>.text</name>
         <load_address>0x1110c</load_address>
         <run_address>0x1110c</run_address>
         <size>0x24</size>
         <input_file_ref idref="fl-72"/>
      </object_component>
      <object_component id="oc-5f6">
         <name>.text:USCI_A_UART_transmitData</name>
         <load_address>0x11130</load_address>
         <run_address>0x11130</run_address>
         <size>0x20</size>
         <input_file_ref idref="fl-2f"/>
      </object_component>
      <object_component id="oc-510">
         <name>.text:WDT_A_hold</name>
         <load_address>0x11150</load_address>
         <run_address>0x11150</run_address>
         <size>0x20</size>
         <input_file_ref idref="fl-32"/>
      </object_component>
      <object_component id="oc-682">
         <name>.text:_outs</name>
         <load_address>0x11170</load_address>
         <run_address>0x11170</run_address>
         <size>0x20</size>
         <input_file_ref idref="fl-53"/>
      </object_component>
      <object_component id="oc-529">
         <name>.text:GPIO_enableInterrupt</name>
         <load_address>0x11190</load_address>
         <run_address>0x11190</run_address>
         <size>0x1e</size>
         <input_file_ref idref="fl-18"/>
      </object_component>
      <object_component id="oc-424">
         <name>.text:UCS_clearAllOscFlagsWithTimeout</name>
         <load_address>0x111ae</load_address>
         <run_address>0x111ae</run_address>
         <size>0x1e</size>
         <input_file_ref idref="fl-2d"/>
      </object_component>
      <object_component id="oc-551">
         <name>.text:UCS_getACLK</name>
         <load_address>0x111cc</load_address>
         <run_address>0x111cc</run_address>
         <size>0x1e</size>
         <input_file_ref idref="fl-2d"/>
      </object_component>
      <object_component id="oc-58b">
         <name>.text:USCI_A_UART_enableInterrupt</name>
         <load_address>0x111ea</load_address>
         <run_address>0x111ea</run_address>
         <size>0x1e</size>
         <input_file_ref idref="fl-2f"/>
      </object_component>
      <object_component id="oc-414">
         <name>.text:USCI_A_UART_receiveData</name>
         <load_address>0x11208</load_address>
         <run_address>0x11208</run_address>
         <size>0x1e</size>
         <input_file_ref idref="fl-2f"/>
      </object_component>
      <object_component id="oc-51d">
         <name>.text:GPIO_setOutputLowOnPin</name>
         <load_address>0x11226</load_address>
         <run_address>0x11226</run_address>
         <size>0x1c</size>
         <input_file_ref idref="fl-18"/>
      </object_component>
      <object_component id="oc-402">
         <name>.text:GPIO_toggleOutputOnPin</name>
         <load_address>0x11242</load_address>
         <run_address>0x11242</run_address>
         <size>0x1c</size>
         <input_file_ref idref="fl-18"/>
      </object_component>
      <object_component id="oc-542">
         <name>.text:UCS_getSMCLK</name>
         <load_address>0x1125e</load_address>
         <run_address>0x1125e</run_address>
         <size>0x1a</size>
         <input_file_ref idref="fl-2d"/>
      </object_component>
      <object_component id="oc-4af">
         <name>.text:Start_ADC</name>
         <load_address>0x11278</load_address>
         <run_address>0x11278</run_address>
         <size>0x18</size>
         <input_file_ref idref="fl-3"/>
      </object_component>
      <object_component id="oc-6bb">
         <name>.text</name>
         <load_address>0x11290</load_address>
         <run_address>0x11290</run_address>
         <size>0x18</size>
         <input_file_ref idref="fl-6f"/>
      </object_component>
      <object_component id="oc-4a9">
         <name>.text:EnableGlobalInterrupt</name>
         <load_address>0x112a8</load_address>
         <run_address>0x112a8</run_address>
         <size>0x16</size>
         <input_file_ref idref="fl-2"/>
      </object_component>
      <object_component id="oc-54b">
         <name>.text:UCS_getMCLK</name>
         <load_address>0x112be</load_address>
         <run_address>0x112be</run_address>
         <size>0x16</size>
         <input_file_ref idref="fl-2d"/>
      </object_component>
      <object_component id="oc-72f">
         <name>.text:memset</name>
         <load_address>0x112d4</load_address>
         <run_address>0x112d4</run_address>
         <size>0x16</size>
         <input_file_ref idref="fl-88"/>
      </object_component>
      <object_component id="oc-729">
         <name>.text</name>
         <load_address>0x112ea</load_address>
         <run_address>0x112ea</run_address>
         <size>0x16</size>
         <input_file_ref idref="fl-55"/>
      </object_component>
      <object_component id="oc-688">
         <name>.text:_outc</name>
         <load_address>0x11300</load_address>
         <run_address>0x11300</run_address>
         <size>0x14</size>
         <input_file_ref idref="fl-53"/>
      </object_component>
      <object_component id="oc-37a">
         <name>.text:memcpy</name>
         <load_address>0x11314</load_address>
         <run_address>0x11314</run_address>
         <size>0x14</size>
         <input_file_ref idref="fl-81"/>
      </object_component>
      <object_component id="oc-73">
         <name>.text:decompress:none:__TI_decompress_none</name>
         <load_address>0x11328</load_address>
         <run_address>0x11328</run_address>
         <size>0x12</size>
         <input_file_ref idref="fl-7c"/>
      </object_component>
      <object_component id="oc-40a">
         <name>.text:ADC12_A_getResults</name>
         <load_address>0x1133a</load_address>
         <run_address>0x1133a</run_address>
         <size>0x10</size>
         <input_file_ref idref="fl-b"/>
      </object_component>
      <object_component id="oc-5f0">
         <name>.text:strlen</name>
         <load_address>0x1134a</load_address>
         <run_address>0x1134a</run_address>
         <size>0xe</size>
         <input_file_ref idref="fl-83"/>
      </object_component>
      <object_component id="oc-5bc">
         <name>.text:ADC12_A_clearInterrupt</name>
         <load_address>0x11358</load_address>
         <run_address>0x11358</run_address>
         <size>0xc</size>
         <input_file_ref idref="fl-b"/>
      </object_component>
      <object_component id="oc-598">
         <name>.text:Ref_setReferenceVoltage</name>
         <load_address>0x11364</load_address>
         <run_address>0x11364</run_address>
         <size>0xc</size>
         <input_file_ref idref="fl-21"/>
      </object_component>
      <object_component id="oc-41d">
         <name>.text:USCI_A_UART_clearInterrupt</name>
         <load_address>0x11370</load_address>
         <run_address>0x11370</run_address>
         <size>0xc</size>
         <input_file_ref idref="fl-2f"/>
      </object_component>
      <object_component id="oc-485">
         <name>.text:Init_Watchdog</name>
         <load_address>0x1137c</load_address>
         <run_address>0x1137c</run_address>
         <size>0xa</size>
         <input_file_ref idref="fl-2"/>
      </object_component>
      <object_component id="oc-592">
         <name>.text:Ref_isRefGenBusy</name>
         <load_address>0x11386</load_address>
         <run_address>0x11386</run_address>
         <size>0xa</size>
         <input_file_ref idref="fl-21"/>
      </object_component>
      <object_component id="oc-5fc">
         <name>.text:USCI_A_UART_queryStatusFlags</name>
         <load_address>0x11390</load_address>
         <run_address>0x11390</run_address>
         <size>0xa</size>
         <input_file_ref idref="fl-2f"/>
      </object_component>
      <object_component id="oc-71d">
         <name>.text</name>
         <load_address>0x1139a</load_address>
         <run_address>0x1139a</run_address>
         <size>0xa</size>
         <input_file_ref idref="fl-6d"/>
      </object_component>
      <object_component id="oc-5c8">
         <name>.text:ADC12_A_enable</name>
         <load_address>0x113a4</load_address>
         <run_address>0x113a4</run_address>
         <size>0x8</size>
         <input_file_ref idref="fl-b"/>
      </object_component>
      <object_component id="oc-59e">
         <name>.text:Ref_enableReferenceVoltage</name>
         <load_address>0x113ac</load_address>
         <run_address>0x113ac</run_address>
         <size>0x6</size>
         <input_file_ref idref="fl-21"/>
      </object_component>
      <object_component id="oc-5d4">
         <name>.text:SFR_clearInterrupt</name>
         <load_address>0x113b2</load_address>
         <run_address>0x113b2</run_address>
         <size>0x6</size>
         <input_file_ref idref="fl-26"/>
      </object_component>
      <object_component id="oc-5da">
         <name>.text:SFR_enableInterrupt</name>
         <load_address>0x113b8</load_address>
         <run_address>0x113b8</run_address>
         <size>0x6</size>
         <input_file_ref idref="fl-26"/>
      </object_component>
      <object_component id="oc-558">
         <name>.text:Timer_A_clearTimerInterrupt</name>
         <load_address>0x113be</load_address>
         <run_address>0x113be</run_address>
         <size>0x6</size>
         <input_file_ref idref="fl-29"/>
      </object_component>
      <object_component id="oc-585">
         <name>.text:USCI_A_UART_enable</name>
         <load_address>0x113c4</load_address>
         <run_address>0x113c4</run_address>
         <size>0x6</size>
         <input_file_ref idref="fl-2f"/>
      </object_component>
      <object_component id="oc-4bc">
         <name>.text:abort</name>
         <load_address>0x113ca</load_address>
         <run_address>0x113ca</run_address>
         <size>0x6</size>
         <input_file_ref idref="fl-7e"/>
      </object_component>
      <object_component id="oc-436">
         <name>.text:_system_pre_init</name>
         <load_address>0x113d0</load_address>
         <run_address>0x113d0</run_address>
         <size>0x4</size>
         <input_file_ref idref="fl-7a"/>
      </object_component>
      <object_component id="oc-615">
         <name>.text:_system_post_cinit</name>
         <load_address>0x113d4</load_address>
         <run_address>0x113d4</run_address>
         <size>0x2</size>
         <input_file_ref idref="fl-7b"/>
      </object_component>
      <object_component id="oc-3a4">
         <name>.text:_isr:UART_A0_ISR</name>
         <load_address>0x4400</load_address>
         <run_address>0x4400</run_address>
         <size>0x38</size>
         <input_file_ref idref="fl-9"/>
      </object_component>
      <object_component id="oc-39e">
         <name>.text:_isr:ADC12_A_ISR</name>
         <load_address>0x4438</load_address>
         <run_address>0x4438</run_address>
         <size>0x30</size>
         <input_file_ref idref="fl-3"/>
      </object_component>
      <object_component id="oc-392">
         <name>.text:_isr:pushbutton_ISR</name>
         <load_address>0x4468</load_address>
         <run_address>0x4468</run_address>
         <size>0x24</size>
         <input_file_ref idref="fl-6"/>
      </object_component>
      <object_component id="oc-3c2">
         <name>.text:_isr:_c_int00_noargs</name>
         <load_address>0x448c</load_address>
         <run_address>0x448c</run_address>
         <size>0x1c</size>
         <input_file_ref idref="fl-75"/>
      </object_component>
      <object_component id="oc-3aa">
         <name>.text:_isr:NMI_ISR</name>
         <load_address>0x44a8</load_address>
         <run_address>0x44a8</run_address>
         <size>0x18</size>
         <input_file_ref idref="fl-4"/>
      </object_component>
      <object_component id="oc-398">
         <name>.text:_isr:TIMER1_A0_ISR</name>
         <load_address>0x44c0</load_address>
         <run_address>0x44c0</run_address>
         <size>0x12</size>
         <input_file_ref idref="fl-8"/>
      </object_component>
      <object_component id="oc-387">
         <name>.text:_isr:__TI_ISR_TRAP</name>
         <load_address>0x44d2</load_address>
         <run_address>0x44d2</run_address>
         <size>0x8</size>
         <input_file_ref idref="fl-6c"/>
      </object_component>
      <object_component id="oc-38c">
         <name>.text:_isr:TIMER2_A0_ISR</name>
         <load_address>0x44da</load_address>
         <run_address>0x44da</run_address>
         <size>0x6</size>
         <input_file_ref idref="fl-8"/>
      </object_component>
      <object_component id="oc-7ce">
         <name>.cinit..data.load</name>
         <load_address>0x4572</load_address>
         <run_address>0x4572</run_address>
         <size>0x14</size>
      </object_component>
      <object_component id="oc-7cb">
         <name>__TI_handler_table</name>
         <load_address>0x4586</load_address>
         <run_address>0x4586</run_address>
         <size>0xc</size>
      </object_component>
      <object_component id="oc-7cd">
         <name>.cinit..bss.load</name>
         <load_address>0x4592</load_address>
         <run_address>0x4592</run_address>
         <size>0x6</size>
      </object_component>
      <object_component id="oc-7cc">
         <name>__TI_cinit_table</name>
         <load_address>0x4598</load_address>
         <run_address>0x4598</run_address>
         <size>0x10</size>
      </object_component>
      <object_component id="oc-5e8">
         <name>.const:.string</name>
         <load_address>0x44e0</load_address>
         <run_address>0x44e0</run_address>
         <size>0x30</size>
         <input_file_ref idref="fl-9"/>
      </object_component>
      <object_component id="oc-46d">
         <name>.const:GPIO_PORT_TO_BASE</name>
         <load_address>0x4510</load_address>
         <run_address>0x4510</run_address>
         <size>0x1c</size>
         <input_file_ref idref="fl-18"/>
      </object_component>
      <object_component id="oc-735">
         <name>.const:.string</name>
         <load_address>0x452c</load_address>
         <run_address>0x452c</run_address>
         <size>0x14</size>
         <input_file_ref idref="fl-84"/>
      </object_component>
      <object_component id="oc-55e">
         <name>.const:$P$T0$1</name>
         <load_address>0x4540</load_address>
         <run_address>0x4540</run_address>
         <size>0xe</size>
         <input_file_ref idref="fl-8"/>
      </object_component>
      <object_component id="oc-567">
         <name>.const:$P$T1$2</name>
         <load_address>0x454e</load_address>
         <run_address>0x454e</run_address>
         <size>0xe</size>
         <input_file_ref idref="fl-8"/>
      </object_component>
      <object_component id="oc-57c">
         <name>.const:$P$T0$1</name>
         <load_address>0x455c</load_address>
         <run_address>0x455c</run_address>
         <size>0xc</size>
         <input_file_ref idref="fl-9"/>
      </object_component>
      <object_component id="oc-5a4">
         <name>.const:$P$T0$1</name>
         <load_address>0x4568</load_address>
         <run_address>0x4568</run_address>
         <size>0x5</size>
         <input_file_ref idref="fl-3"/>
      </object_component>
      <object_component id="oc-5a7">
         <name>.const:$P$T1$2</name>
         <load_address>0x456d</load_address>
         <run_address>0x456d</run_address>
         <size>0x5</size>
         <input_file_ref idref="fl-3"/>
      </object_component>
      <object_component id="oc-75d">
         <name>.binit</name>
         <load_address>0x4400</load_address>
         <run_address>0x4400</run_address>
         <size>0x0</size>
      </object_component>
      <object_component id="oc-79">
         <name>.int41</name>
         <load_address>0xffd2</load_address>
         <run_address>0xffd2</run_address>
         <size>0x2</size>
         <input_file_ref idref="fl-5c"/>
      </object_component>
      <object_component id="oc-7a">
         <name>.int42</name>
         <load_address>0xffd4</load_address>
         <run_address>0xffd4</run_address>
         <size>0x2</size>
         <input_file_ref idref="fl-5d"/>
      </object_component>
      <object_component id="oc-7b">
         <name>.int43</name>
         <load_address>0xffd6</load_address>
         <run_address>0xffd6</run_address>
         <size>0x2</size>
         <input_file_ref idref="fl-5e"/>
      </object_component>
      <object_component id="oc-7c">
         <name>.int44</name>
         <load_address>0xffd8</load_address>
         <run_address>0xffd8</run_address>
         <size>0x2</size>
         <input_file_ref idref="fl-8"/>
      </object_component>
      <object_component id="oc-7d">
         <name>.int45</name>
         <load_address>0xffda</load_address>
         <run_address>0xffda</run_address>
         <size>0x2</size>
         <input_file_ref idref="fl-5f"/>
      </object_component>
      <object_component id="oc-7e">
         <name>.int46</name>
         <load_address>0xffdc</load_address>
         <run_address>0xffdc</run_address>
         <size>0x2</size>
         <input_file_ref idref="fl-60"/>
      </object_component>
      <object_component id="oc-7f">
         <name>.int47</name>
         <load_address>0xffde</load_address>
         <run_address>0xffde</run_address>
         <size>0x2</size>
         <input_file_ref idref="fl-6"/>
      </object_component>
      <object_component id="oc-80">
         <name>.int48</name>
         <load_address>0xffe0</load_address>
         <run_address>0xffe0</run_address>
         <size>0x2</size>
         <input_file_ref idref="fl-61"/>
      </object_component>
      <object_component id="oc-81">
         <name>.int49</name>
         <load_address>0xffe2</load_address>
         <run_address>0xffe2</run_address>
         <size>0x2</size>
         <input_file_ref idref="fl-8"/>
      </object_component>
      <object_component id="oc-82">
         <name>.int50</name>
         <load_address>0xffe4</load_address>
         <run_address>0xffe4</run_address>
         <size>0x2</size>
         <input_file_ref idref="fl-62"/>
      </object_component>
      <object_component id="oc-83">
         <name>.int51</name>
         <load_address>0xffe6</load_address>
         <run_address>0xffe6</run_address>
         <size>0x2</size>
         <input_file_ref idref="fl-63"/>
      </object_component>
      <object_component id="oc-84">
         <name>.int52</name>
         <load_address>0xffe8</load_address>
         <run_address>0xffe8</run_address>
         <size>0x2</size>
         <input_file_ref idref="fl-64"/>
      </object_component>
      <object_component id="oc-85">
         <name>.int53</name>
         <load_address>0xffea</load_address>
         <run_address>0xffea</run_address>
         <size>0x2</size>
         <input_file_ref idref="fl-65"/>
      </object_component>
      <object_component id="oc-86">
         <name>.int54</name>
         <load_address>0xffec</load_address>
         <run_address>0xffec</run_address>
         <size>0x2</size>
         <input_file_ref idref="fl-3"/>
      </object_component>
      <object_component id="oc-87">
         <name>.int55</name>
         <load_address>0xffee</load_address>
         <run_address>0xffee</run_address>
         <size>0x2</size>
         <input_file_ref idref="fl-66"/>
      </object_component>
      <object_component id="oc-88">
         <name>.int56</name>
         <load_address>0xfff0</load_address>
         <run_address>0xfff0</run_address>
         <size>0x2</size>
         <input_file_ref idref="fl-9"/>
      </object_component>
      <object_component id="oc-89">
         <name>.int57</name>
         <load_address>0xfff2</load_address>
         <run_address>0xfff2</run_address>
         <size>0x2</size>
         <input_file_ref idref="fl-67"/>
      </object_component>
      <object_component id="oc-8a">
         <name>.int58</name>
         <load_address>0xfff4</load_address>
         <run_address>0xfff4</run_address>
         <size>0x2</size>
         <input_file_ref idref="fl-68"/>
      </object_component>
      <object_component id="oc-8b">
         <name>.int59</name>
         <load_address>0xfff6</load_address>
         <run_address>0xfff6</run_address>
         <size>0x2</size>
         <input_file_ref idref="fl-69"/>
      </object_component>
      <object_component id="oc-8c">
         <name>.int60</name>
         <load_address>0xfff8</load_address>
         <run_address>0xfff8</run_address>
         <size>0x2</size>
         <input_file_ref idref="fl-6a"/>
      </object_component>
      <object_component id="oc-8d">
         <name>.int61</name>
         <load_address>0xfffa</load_address>
         <run_address>0xfffa</run_address>
         <size>0x2</size>
         <input_file_ref idref="fl-4"/>
      </object_component>
      <object_component id="oc-8e">
         <name>.int62</name>
         <load_address>0xfffc</load_address>
         <run_address>0xfffc</run_address>
         <size>0x2</size>
         <input_file_ref idref="fl-6b"/>
      </object_component>
      <object_component id="oc-36e">
         <name>.reset</name>
         <load_address>0xfffe</load_address>
         <run_address>0xfffe</run_address>
         <size>0x2</size>
         <input_file_ref idref="fl-75"/>
      </object_component>
      <object_component id="oc-50f">
         <name>.debug_info</name>
         <load_address>0x0</load_address>
         <run_address>0x0</run_address>
         <size>0x323</size>
         <input_file_ref idref="fl-2"/>
      </object_component>
      <object_component id="oc-3ff">
         <name>.debug_info</name>
         <load_address>0x323</load_address>
         <run_address>0x323</run_address>
         <size>0x2f2</size>
         <input_file_ref idref="fl-2"/>
      </object_component>
      <object_component id="oc-486">
         <name>.debug_info</name>
         <load_address>0x615</load_address>
         <run_address>0x615</run_address>
         <size>0x125</size>
         <input_file_ref idref="fl-2"/>
      </object_component>
      <object_component id="oc-4aa">
         <name>.debug_info</name>
         <load_address>0x73a</load_address>
         <run_address>0x73a</run_address>
         <size>0x157</size>
         <input_file_ref idref="fl-2"/>
      </object_component>
      <object_component id="oc-43d">
         <name>.debug_info</name>
         <load_address>0x891</load_address>
         <run_address>0x891</run_address>
         <size>0x1a2</size>
         <input_file_ref idref="fl-2"/>
      </object_component>
      <object_component id="oc-47d">
         <name>.debug_info</name>
         <load_address>0xa33</load_address>
         <run_address>0xa33</run_address>
         <size>0x26b</size>
         <input_file_ref idref="fl-2"/>
      </object_component>
      <object_component id="oc-5cf">
         <name>.debug_info</name>
         <load_address>0xc9e</load_address>
         <run_address>0xc9e</run_address>
         <size>0x9e</size>
         <input_file_ref idref="fl-2"/>
      </object_component>
      <object_component id="oc-56b">
         <name>.debug_info</name>
         <load_address>0xd3c</load_address>
         <run_address>0xd3c</run_address>
         <size>0x38f</size>
         <input_file_ref idref="fl-2"/>
      </object_component>
      <object_component id="oc-505">
         <name>.debug_info</name>
         <load_address>0x10cb</load_address>
         <run_address>0x10cb</run_address>
         <size>0xee</size>
         <input_file_ref idref="fl-2"/>
      </object_component>
      <object_component id="oc-468">
         <name>.debug_info</name>
         <load_address>0x11b9</load_address>
         <run_address>0x11b9</run_address>
         <size>0x8b</size>
         <input_file_ref idref="fl-2"/>
      </object_component>
      <object_component id="oc-4fb">
         <name>.debug_info</name>
         <load_address>0x1244</load_address>
         <run_address>0x1244</run_address>
         <size>0x282</size>
         <input_file_ref idref="fl-2"/>
      </object_component>
      <object_component id="oc-463">
         <name>.debug_info</name>
         <load_address>0x14c6</load_address>
         <run_address>0x14c6</run_address>
         <size>0xbb</size>
         <input_file_ref idref="fl-2"/>
      </object_component>
      <object_component id="oc-6ff">
         <name>.debug_info</name>
         <load_address>0x1581</load_address>
         <run_address>0x1581</run_address>
         <size>0x2c</size>
         <input_file_ref idref="fl-2"/>
      </object_component>
      <object_component id="oc-50a">
         <name>.debug_info</name>
         <load_address>0x15ad</load_address>
         <run_address>0x15ad</run_address>
         <size>0x35</size>
         <input_file_ref idref="fl-2"/>
      </object_component>
      <object_component id="oc-675">
         <name>.debug_info</name>
         <load_address>0x15e2</load_address>
         <run_address>0x15e2</run_address>
         <size>0x5ed</size>
         <input_file_ref idref="fl-3"/>
      </object_component>
      <object_component id="oc-5a5">
         <name>.debug_info</name>
         <load_address>0x1bcf</load_address>
         <run_address>0x1bcf</run_address>
         <size>0xf0</size>
         <input_file_ref idref="fl-3"/>
      </object_component>
      <object_component id="oc-5a8">
         <name>.debug_info</name>
         <load_address>0x1cbf</load_address>
         <run_address>0x1cbf</run_address>
         <size>0xf0</size>
         <input_file_ref idref="fl-3"/>
      </object_component>
      <object_component id="oc-4b0">
         <name>.debug_info</name>
         <load_address>0x1daf</load_address>
         <run_address>0x1daf</run_address>
         <size>0x163</size>
         <input_file_ref idref="fl-3"/>
      </object_component>
      <object_component id="oc-4a4">
         <name>.debug_info</name>
         <load_address>0x1f12</load_address>
         <run_address>0x1f12</run_address>
         <size>0x30f</size>
         <input_file_ref idref="fl-3"/>
      </object_component>
      <object_component id="oc-39f">
         <name>.debug_info</name>
         <load_address>0x2221</load_address>
         <run_address>0x2221</run_address>
         <size>0x17c</size>
         <input_file_ref idref="fl-3"/>
      </object_component>
      <object_component id="oc-42b">
         <name>.debug_info</name>
         <load_address>0x239d</load_address>
         <run_address>0x239d</run_address>
         <size>0x2fc</size>
         <input_file_ref idref="fl-4"/>
      </object_component>
      <object_component id="oc-549">
         <name>.debug_info</name>
         <load_address>0x2699</load_address>
         <run_address>0x2699</run_address>
         <size>0xf7</size>
         <input_file_ref idref="fl-4"/>
      </object_component>
      <object_component id="oc-3ac">
         <name>.debug_info</name>
         <load_address>0x2790</load_address>
         <run_address>0x2790</run_address>
         <size>0x168</size>
         <input_file_ref idref="fl-4"/>
      </object_component>
      <object_component id="oc-493">
         <name>.debug_info</name>
         <load_address>0x28f8</load_address>
         <run_address>0x28f8</run_address>
         <size>0x1d9</size>
         <input_file_ref idref="fl-4"/>
      </object_component>
      <object_component id="oc-393">
         <name>.debug_info</name>
         <load_address>0x2ad1</load_address>
         <run_address>0x2ad1</run_address>
         <size>0x170</size>
         <input_file_ref idref="fl-6"/>
      </object_component>
      <object_component id="oc-48c">
         <name>.debug_info</name>
         <load_address>0x2c41</load_address>
         <run_address>0x2c41</run_address>
         <size>0x1fc</size>
         <input_file_ref idref="fl-6"/>
      </object_component>
      <object_component id="oc-663">
         <name>.debug_info</name>
         <load_address>0x2e3d</load_address>
         <run_address>0x2e3d</run_address>
         <size>0x2a1</size>
         <input_file_ref idref="fl-8"/>
      </object_component>
      <object_component id="oc-55f">
         <name>.debug_info</name>
         <load_address>0x30de</load_address>
         <run_address>0x30de</run_address>
         <size>0xf2</size>
         <input_file_ref idref="fl-8"/>
      </object_component>
      <object_component id="oc-568">
         <name>.debug_info</name>
         <load_address>0x31d0</load_address>
         <run_address>0x31d0</run_address>
         <size>0xf2</size>
         <input_file_ref idref="fl-8"/>
      </object_component>
      <object_component id="oc-38d">
         <name>.debug_info</name>
         <load_address>0x32c2</load_address>
         <run_address>0x32c2</run_address>
         <size>0x154</size>
         <input_file_ref idref="fl-8"/>
      </object_component>
      <object_component id="oc-399">
         <name>.debug_info</name>
         <load_address>0x3416</load_address>
         <run_address>0x3416</run_address>
         <size>0x171</size>
         <input_file_ref idref="fl-8"/>
      </object_component>
      <object_component id="oc-498">
         <name>.debug_info</name>
         <load_address>0x3587</load_address>
         <run_address>0x3587</run_address>
         <size>0x221</size>
         <input_file_ref idref="fl-8"/>
      </object_component>
      <object_component id="oc-474">
         <name>.debug_info</name>
         <load_address>0x37a8</load_address>
         <run_address>0x37a8</run_address>
         <size>0x614</size>
         <input_file_ref idref="fl-9"/>
      </object_component>
      <object_component id="oc-412">
         <name>.debug_info</name>
         <load_address>0x3dbc</load_address>
         <run_address>0x3dbc</run_address>
         <size>0x208</size>
         <input_file_ref idref="fl-9"/>
      </object_component>
      <object_component id="oc-41b">
         <name>.debug_info</name>
         <load_address>0x3fc4</load_address>
         <run_address>0x3fc4</run_address>
         <size>0x108</size>
         <input_file_ref idref="fl-9"/>
      </object_component>
      <object_component id="oc-57d">
         <name>.debug_info</name>
         <load_address>0x40cc</load_address>
         <run_address>0x40cc</run_address>
         <size>0xf1</size>
         <input_file_ref idref="fl-9"/>
      </object_component>
      <object_component id="oc-4b8">
         <name>.debug_info</name>
         <load_address>0x41bd</load_address>
         <run_address>0x41bd</run_address>
         <size>0x233</size>
         <input_file_ref idref="fl-9"/>
      </object_component>
      <object_component id="oc-3a6">
         <name>.debug_info</name>
         <load_address>0x43f0</load_address>
         <run_address>0x43f0</run_address>
         <size>0x18f</size>
         <input_file_ref idref="fl-9"/>
      </object_component>
      <object_component id="oc-4a0">
         <name>.debug_info</name>
         <load_address>0x457f</load_address>
         <run_address>0x457f</run_address>
         <size>0x245</size>
         <input_file_ref idref="fl-9"/>
      </object_component>
      <object_component id="oc-375">
         <name>.debug_info</name>
         <load_address>0x47c4</load_address>
         <run_address>0x47c4</run_address>
         <size>0x84</size>
         <input_file_ref idref="fl-a"/>
      </object_component>
      <object_component id="oc-67b">
         <name>.debug_info</name>
         <load_address>0x4848</load_address>
         <run_address>0x4848</run_address>
         <size>0x167</size>
         <input_file_ref idref="fl-b"/>
      </object_component>
      <object_component id="oc-5e3">
         <name>.debug_info</name>
         <load_address>0x49af</load_address>
         <run_address>0x49af</run_address>
         <size>0x265</size>
         <input_file_ref idref="fl-b"/>
      </object_component>
      <object_component id="oc-5b3">
         <name>.debug_info</name>
         <load_address>0x4c14</load_address>
         <run_address>0x4c14</run_address>
         <size>0x308</size>
         <input_file_ref idref="fl-b"/>
      </object_component>
      <object_component id="oc-5ac">
         <name>.debug_info</name>
         <load_address>0x4f1c</load_address>
         <run_address>0x4f1c</run_address>
         <size>0x2dd</size>
         <input_file_ref idref="fl-b"/>
      </object_component>
      <object_component id="oc-40b">
         <name>.debug_info</name>
         <load_address>0x51f9</load_address>
         <run_address>0x51f9</run_address>
         <size>0x1f8</size>
         <input_file_ref idref="fl-b"/>
      </object_component>
      <object_component id="oc-5c3">
         <name>.debug_info</name>
         <load_address>0x53f1</load_address>
         <run_address>0x53f1</run_address>
         <size>0x1f8</size>
         <input_file_ref idref="fl-b"/>
      </object_component>
      <object_component id="oc-5c9">
         <name>.debug_info</name>
         <load_address>0x55e9</load_address>
         <run_address>0x55e9</run_address>
         <size>0x196</size>
         <input_file_ref idref="fl-b"/>
      </object_component>
      <object_component id="oc-5b8">
         <name>.debug_info</name>
         <load_address>0x577f</load_address>
         <run_address>0x577f</run_address>
         <size>0x1ce</size>
         <input_file_ref idref="fl-b"/>
      </object_component>
      <object_component id="oc-5be">
         <name>.debug_info</name>
         <load_address>0x594d</load_address>
         <run_address>0x594d</run_address>
         <size>0x1f5</size>
         <input_file_ref idref="fl-b"/>
      </object_component>
      <object_component id="oc-502">
         <name>.debug_info</name>
         <load_address>0x5b42</load_address>
         <run_address>0x5b42</run_address>
         <size>0x176</size>
         <input_file_ref idref="fl-18"/>
      </object_component>
      <object_component id="oc-46e">
         <name>.debug_info</name>
         <load_address>0x5cb8</load_address>
         <run_address>0x5cb8</run_address>
         <size>0x104</size>
         <input_file_ref idref="fl-18"/>
      </object_component>
      <object_component id="oc-403">
         <name>.debug_info</name>
         <load_address>0x5dbc</load_address>
         <run_address>0x5dbc</run_address>
         <size>0x202</size>
         <input_file_ref idref="fl-18"/>
      </object_component>
      <object_component id="oc-51e">
         <name>.debug_info</name>
         <load_address>0x5fbe</load_address>
         <run_address>0x5fbe</run_address>
         <size>0x202</size>
         <input_file_ref idref="fl-18"/>
      </object_component>
      <object_component id="oc-577">
         <name>.debug_info</name>
         <load_address>0x61c0</load_address>
         <run_address>0x61c0</run_address>
         <size>0x22c</size>
         <input_file_ref idref="fl-18"/>
      </object_component>
      <object_component id="oc-571">
         <name>.debug_info</name>
         <load_address>0x63ec</load_address>
         <run_address>0x63ec</run_address>
         <size>0x22a</size>
         <input_file_ref idref="fl-18"/>
      </object_component>
      <object_component id="oc-519">
         <name>.debug_info</name>
         <load_address>0x6616</load_address>
         <run_address>0x6616</run_address>
         <size>0x1fc</size>
         <input_file_ref idref="fl-18"/>
      </object_component>
      <object_component id="oc-524">
         <name>.debug_info</name>
         <load_address>0x6812</load_address>
         <run_address>0x6812</run_address>
         <size>0x221</size>
         <input_file_ref idref="fl-18"/>
      </object_component>
      <object_component id="oc-52b">
         <name>.debug_info</name>
         <load_address>0x6a33</load_address>
         <run_address>0x6a33</run_address>
         <size>0x201</size>
         <input_file_ref idref="fl-18"/>
      </object_component>
      <object_component id="oc-641">
         <name>.debug_info</name>
         <load_address>0x6c34</load_address>
         <run_address>0x6c34</run_address>
         <size>0x1f2</size>
         <input_file_ref idref="fl-1f"/>
      </object_component>
      <object_component id="oc-646">
         <name>.debug_info</name>
         <load_address>0x6e26</load_address>
         <run_address>0x6e26</run_address>
         <size>0x1f8</size>
         <input_file_ref idref="fl-1f"/>
      </object_component>
      <object_component id="oc-531">
         <name>.debug_info</name>
         <load_address>0x701e</load_address>
         <run_address>0x701e</run_address>
         <size>0x1f4</size>
         <input_file_ref idref="fl-1f"/>
      </object_component>
      <object_component id="oc-599">
         <name>.debug_info</name>
         <load_address>0x7212</load_address>
         <run_address>0x7212</run_address>
         <size>0x206</size>
         <input_file_ref idref="fl-21"/>
      </object_component>
      <object_component id="oc-594">
         <name>.debug_info</name>
         <load_address>0x7418</load_address>
         <run_address>0x7418</run_address>
         <size>0x192</size>
         <input_file_ref idref="fl-21"/>
      </object_component>
      <object_component id="oc-59f">
         <name>.debug_info</name>
         <load_address>0x75aa</load_address>
         <run_address>0x75aa</run_address>
         <size>0x1a2</size>
         <input_file_ref idref="fl-21"/>
      </object_component>
      <object_component id="oc-5dc">
         <name>.debug_info</name>
         <load_address>0x774c</load_address>
         <run_address>0x774c</run_address>
         <size>0x19c</size>
         <input_file_ref idref="fl-26"/>
      </object_component>
      <object_component id="oc-5d5">
         <name>.debug_info</name>
         <load_address>0x78e8</load_address>
         <run_address>0x78e8</run_address>
         <size>0x1aa</size>
         <input_file_ref idref="fl-26"/>
      </object_component>
      <object_component id="oc-665">
         <name>.debug_info</name>
         <load_address>0x7a92</load_address>
         <run_address>0x7a92</run_address>
         <size>0x185</size>
         <input_file_ref idref="fl-29"/>
      </object_component>
      <object_component id="oc-562">
         <name>.debug_info</name>
         <load_address>0x7c17</load_address>
         <run_address>0x7c17</run_address>
         <size>0x1c4</size>
         <input_file_ref idref="fl-29"/>
      </object_component>
      <object_component id="oc-55a">
         <name>.debug_info</name>
         <load_address>0x7ddb</load_address>
         <run_address>0x7ddb</run_address>
         <size>0x1b3</size>
         <input_file_ref idref="fl-29"/>
      </object_component>
      <object_component id="oc-654">
         <name>.debug_info</name>
         <load_address>0x7f8e</load_address>
         <run_address>0x7f8e</run_address>
         <size>0x1d1</size>
         <input_file_ref idref="fl-2d"/>
      </object_component>
      <object_component id="oc-6cd">
         <name>.debug_info</name>
         <load_address>0x815f</load_address>
         <run_address>0x815f</run_address>
         <size>0x151</size>
         <input_file_ref idref="fl-2d"/>
      </object_component>
      <object_component id="oc-64e">
         <name>.debug_info</name>
         <load_address>0x82b0</load_address>
         <run_address>0x82b0</run_address>
         <size>0x1ee</size>
         <input_file_ref idref="fl-2d"/>
      </object_component>
      <object_component id="oc-53d">
         <name>.debug_info</name>
         <load_address>0x849e</load_address>
         <run_address>0x849e</run_address>
         <size>0x1b0</size>
         <input_file_ref idref="fl-2d"/>
      </object_component>
      <object_component id="oc-538">
         <name>.debug_info</name>
         <load_address>0x864e</load_address>
         <run_address>0x864e</run_address>
         <size>0x25e</size>
         <input_file_ref idref="fl-2d"/>
      </object_component>
      <object_component id="oc-6d6">
         <name>.debug_info</name>
         <load_address>0x88ac</load_address>
         <run_address>0x88ac</run_address>
         <size>0x29b</size>
         <input_file_ref idref="fl-2d"/>
      </object_component>
      <object_component id="oc-657">
         <name>.debug_info</name>
         <load_address>0x8b47</load_address>
         <run_address>0x8b47</run_address>
         <size>0x30f</size>
         <input_file_ref idref="fl-2d"/>
      </object_component>
      <object_component id="oc-544">
         <name>.debug_info</name>
         <load_address>0x8e56</load_address>
         <run_address>0x8e56</run_address>
         <size>0x1bf</size>
         <input_file_ref idref="fl-2d"/>
      </object_component>
      <object_component id="oc-54c">
         <name>.debug_info</name>
         <load_address>0x9015</load_address>
         <run_address>0x9015</run_address>
         <size>0x171</size>
         <input_file_ref idref="fl-2d"/>
      </object_component>
      <object_component id="oc-553">
         <name>.debug_info</name>
         <load_address>0x9186</load_address>
         <run_address>0x9186</run_address>
         <size>0x1b9</size>
         <input_file_ref idref="fl-2d"/>
      </object_component>
      <object_component id="oc-425">
         <name>.debug_info</name>
         <load_address>0x933f</load_address>
         <run_address>0x933f</run_address>
         <size>0x1a3</size>
         <input_file_ref idref="fl-2d"/>
      </object_component>
      <object_component id="oc-66d">
         <name>.debug_info</name>
         <load_address>0x94e2</load_address>
         <run_address>0x94e2</run_address>
         <size>0x16b</size>
         <input_file_ref idref="fl-2f"/>
      </object_component>
      <object_component id="oc-5f7">
         <name>.debug_info</name>
         <load_address>0x964d</load_address>
         <run_address>0x964d</run_address>
         <size>0x1f8</size>
         <input_file_ref idref="fl-2f"/>
      </object_component>
      <object_component id="oc-415">
         <name>.debug_info</name>
         <load_address>0x9845</load_address>
         <run_address>0x9845</run_address>
         <size>0x1b8</size>
         <input_file_ref idref="fl-2f"/>
      </object_component>
      <object_component id="oc-5fd">
         <name>.debug_info</name>
         <load_address>0x99fd</load_address>
         <run_address>0x99fd</run_address>
         <size>0x1c5</size>
         <input_file_ref idref="fl-2f"/>
      </object_component>
      <object_component id="oc-580">
         <name>.debug_info</name>
         <load_address>0x9bc2</load_address>
         <run_address>0x9bc2</run_address>
         <size>0x1e5</size>
         <input_file_ref idref="fl-2f"/>
      </object_component>
      <object_component id="oc-58c">
         <name>.debug_info</name>
         <load_address>0x9da7</load_address>
         <run_address>0x9da7</run_address>
         <size>0x1f5</size>
         <input_file_ref idref="fl-2f"/>
      </object_component>
      <object_component id="oc-586">
         <name>.debug_info</name>
         <load_address>0x9f9c</load_address>
         <run_address>0x9f9c</run_address>
         <size>0x1aa</size>
         <input_file_ref idref="fl-2f"/>
      </object_component>
      <object_component id="oc-420">
         <name>.debug_info</name>
         <load_address>0xa146</load_address>
         <run_address>0xa146</run_address>
         <size>0x1bd</size>
         <input_file_ref idref="fl-2f"/>
      </object_component>
      <object_component id="oc-511">
         <name>.debug_info</name>
         <load_address>0xa303</load_address>
         <run_address>0xa303</run_address>
         <size>0x1a9</size>
         <input_file_ref idref="fl-32"/>
      </object_component>
      <object_component id="oc-695">
         <name>.debug_info</name>
         <load_address>0xa4ac</load_address>
         <run_address>0xa4ac</run_address>
         <size>0x229</size>
         <input_file_ref idref="fl-53"/>
      </object_component>
      <object_component id="oc-5eb">
         <name>.debug_info</name>
         <load_address>0xa6d5</load_address>
         <run_address>0xa6d5</run_address>
         <size>0x1c2</size>
         <input_file_ref idref="fl-53"/>
      </object_component>
      <object_component id="oc-683">
         <name>.debug_info</name>
         <load_address>0xa897</load_address>
[...]
      </symbol>
      <symbol id="sm-39b">
         <name>threshold</name>
         <value>0x2408</value>
         <object_component_ref idref="oc-3fe"/>
      </symbol>
      <symbol id="sm-39c">
         <name>min</name>
         <value>0x240c</value>
         <object_component_ref idref="oc-3fe"/>
      </symbol>
      <symbol id="sm-39d">
         <name>akku_vol</name>
         <value>0x2418</value>
         <object_component_ref idref="oc-3fe"/>
      </symbol>
      <symbol id="sm-39e">
         <name>millisecs</name>
         <value>0x2402</value>
         <object_component_ref idref="oc-3fe"/>
      </symbol>
      <symbol id="sm-39f">
         <name>EnableGlobalInterrupt</name>
         <value>0x112a8</value>
         <object_component_ref idref="oc-4a9"/>
      </symbol>
      <symbol id="sm-3a0">
         <name>max</name>
         <value>0x240a</value>
         <object_component_ref idref="oc-3fe"/>
      </symbol>
      <symbol id="sm-3a1">
         <name>flag</name>
         <value>0x2406</value>
         <object_component_ref idref="oc-3fe"/>
      </symbol>
      <symbol id="sm-3cb">
         <name>Init_ADC</name>
         <value>0x1023a</value>
         <object_component_ref idref="oc-4a3"/>
      </symbol>
      <symbol id="sm-3cc">
         <name>__TI_int54</name>
         <value>0xffec</value>
         <object_component_ref idref="oc-86"/>
      </symbol>
      <symbol id="sm-3cd">
         <name>Start_ADC</name>
         <value>0x11278</value>
         <object_component_ref idref="oc-4af"/>
      </symbol>
      <symbol id="sm-3ce">
         <name>ADC12_A_ISR</name>
         <value>0x4438</value>
         <object_component_ref idref="oc-39e"/>
      </symbol>
      <symbol id="sm-3e9">
         <name>status</name>
         <value>0x2446</value>
      </symbol>
      <symbol id="sm-3ea">
         <name>NMI_ISR</name>
         <value>0x44a8</value>
         <object_component_ref idref="oc-3aa"/>
      </symbol>
      <symbol id="sm-3eb">
         <name>__TI_int61</name>
         <value>0xfffa</value>
         <object_component_ref idref="oc-8d"/>
      </symbol>
      <symbol id="sm-3ec">
         <name>clockValue</name>
         <value>0x2442</value>
         <object_component_ref idref="oc-548"/>
      </symbol>
      <symbol id="sm-3ed">
         <name>Init_CLK</name>
         <value>0x10d54</value>
         <object_component_ref idref="oc-491"/>
      </symbol>
      <symbol id="sm-401">
         <name>Init_GPIO</name>
         <value>0x10f34</value>
         <object_component_ref idref="oc-48b"/>
      </symbol>
      <symbol id="sm-402">
         <name>__TI_int47</name>
         <value>0xffde</value>
         <object_component_ref idref="oc-7f"/>
      </symbol>
      <symbol id="sm-403">
         <name>pushbutton_ISR</name>
         <value>0x4468</value>
         <object_component_ref idref="oc-392"/>
      </symbol>
      <symbol id="sm-42c">
         <name>Init_Timers</name>
         <value>0x109a6</value>
         <object_component_ref idref="oc-497"/>
      </symbol>
      <symbol id="sm-42d">
         <name>TIMER1_A0_ISR</name>
         <value>0x44c0</value>
         <object_component_ref idref="oc-398"/>
      </symbol>
      <symbol id="sm-42e">
         <name>__TI_int49</name>
         <value>0xffe2</value>
         <object_component_ref idref="oc-81"/>
      </symbol>
      <symbol id="sm-42f">
         <name>__TI_int44</name>
         <value>0xffd8</value>
         <object_component_ref idref="oc-7c"/>
      </symbol>
      <symbol id="sm-430">
         <name>TIMER2_A0_ISR</name>
         <value>0x44da</value>
         <object_component_ref idref="oc-38c"/>
      </symbol>
      <symbol id="sm-431">
         <name>Init_Timer_A</name>
         <value>0x109a6</value>
         <object_component_ref idref="oc-497"/>
      </symbol>
      <symbol id="sm-46a">
         <name>uart_transmit_set_val</name>
         <value>0x2448</value>
      </symbol>
      <symbol id="sm-46b">
         <name>sec</name>
         <value>0x241e</value>
         <object_component_ref idref="oc-411"/>
      </symbol>
      <symbol id="sm-46c">
         <name>BPM</name>
         <value>0x2428</value>
         <object_component_ref idref="oc-411"/>
      </symbol>
      <symbol id="sm-46d">
         <name>fm_counter</name>
         <value>0x242c</value>
         <object_component_ref idref="oc-411"/>
      </symbol>
      <symbol id="sm-46e">
         <name>__TI_int56</name>
         <value>0xfff0</value>
         <object_component_ref idref="oc-88"/>
      </symbol>
      <symbol id="sm-46f">
         <name>i</name>
         <value>0x242b</value>
         <object_component_ref idref="oc-411"/>
      </symbol>
      <symbol id="sm-470">
         <name>uart_received_data</name>
         <value>0x242e</value>
         <object_component_ref idref="oc-41a"/>
      </symbol>
      <symbol id="sm-471">
         <name>number_beats</name>
         <value>0x2426</value>
         <object_component_ref idref="oc-411"/>
      </symbol>
      <symbol id="sm-472">
         <name>UART_serialplot</name>
         <value>0x10c08</value>
         <object_component_ref idref="oc-4b5"/>
      </symbol>
      <symbol id="sm-473">
         <name>UART_A0_ISR</name>
         <value>0x4400</value>
         <object_component_ref idref="oc-3a4"/>
      </symbol>
      <symbol id="sm-474">
         <name>counter</name>
         <value>0x2424</value>
         <object_component_ref idref="oc-411"/>
      </symbol>
      <symbol id="sm-475">
         <name>Init_UART</name>
         <value>0x10a3e</value>
         <object_component_ref idref="oc-49d"/>
      </symbol>
      <symbol id="sm-476">
         <name>uart_received_data_counter</name>
         <value>0x242a</value>
         <object_component_ref idref="oc-411"/>
      </symbol>
      <symbol id="sm-477">
         <name>beats</name>
         <value>0x2420</value>
         <object_component_ref idref="oc-411"/>
      </symbol>
      <symbol id="sm-478">
         <name>pulseperiod</name>
         <value>0x2422</value>
         <object_component_ref idref="oc-411"/>
      </symbol>
      <symbol id="sm-4c0">
         <name>ADC12_A_getResults</name>
         <value>0x1133a</value>
         <object_component_ref idref="oc-40a"/>
      </symbol>
      <symbol id="sm-4c1">
         <name>ADC12_A_init</name>
         <value>0x10d04</value>
         <object_component_ref idref="oc-5aa"/>
      </symbol>
      <symbol id="sm-4c2">
         <name>ADC12_A_startConversion</name>
         <value>0x10fa0</value>
         <object_component_ref idref="oc-5e1"/>
      </symbol>
      <symbol id="sm-4c3">
         <name>ADC12_A_enable</name>
         <value>0x113a4</value>
         <object_component_ref idref="oc-5c8"/>
      </symbol>
      <symbol id="sm-4c4">
         <name>ADC12_A_clearInterrupt</name>
         <value>0x11358</value>
         <object_component_ref idref="oc-5bc"/>
      </symbol>
      <symbol id="sm-4c5">
         <name>ADC12_A_setupSamplingTimer</name>
         <value>0x1109c</value>
         <object_component_ref idref="oc-5b0"/>
      </symbol>
      <symbol id="sm-4c6">
         <name>ADC12_A_configureMemory</name>
         <value>0x11076</value>
         <object_component_ref idref="oc-5b6"/>
      </symbol>
      <symbol id="sm-4c7">
         <name>ADC12_A_enableInterrupt</name>
         <value>0x10e76</value>
         <object_component_ref idref="oc-5c2"/>
      </symbol>
      <symbol id="sm-516">
         <name>GPIO_setAsInputPinWithPullUpResistor</name>
         <value>0x10ef6</value>
         <object_component_ref idref="oc-523"/>
      </symbol>
      <symbol id="sm-517">
         <name>GPIO_enableInterrupt</name>
         <value>0x11190</value>
         <object_component_ref idref="oc-529"/>
      </symbol>
      <symbol id="sm-518">
         <name>GPIO_setAsOutputPin</name>
         <value>0x10ffe</value>
         <object_component_ref idref="oc-517"/>
      </symbol>
      <symbol id="sm-519">
         <name>GPIO_setOutputLowOnPin</name>
         <value>0x11226</value>
         <object_component_ref idref="oc-51d"/>
      </symbol>
      <symbol id="sm-51a">
         <name>GPIO_toggleOutputOnPin</name>
         <value>0x11242</value>
         <object_component_ref idref="oc-402"/>
      </symbol>
      <symbol id="sm-51b">
         <name>GPIO_setAsPeripheralModuleFunctionOutputPin</name>
         <value>0x1104e</value>
         <object_component_ref idref="oc-576"/>
      </symbol>
      <symbol id="sm-51c">
         <name>GPIO_setAsPeripheralModuleFunctionInputPin</name>
         <value>0x11026</value>
         <object_component_ref idref="oc-570"/>
      </symbol>
      <symbol id="sm-549">
         <name>PMM_setVCore</name>
         <value>0x10cb2</value>
         <object_component_ref idref="oc-530"/>
      </symbol>
      <symbol id="sm-54a">
         <name>PMM_setVCoreDown</name>
         <value>0x10904</value>
         <object_component_ref idref="oc-645"/>
      </symbol>
      <symbol id="sm-54b">
         <name>PMM_setVCoreUp</name>
         <value>0x10414</value>
         <object_component_ref idref="oc-63f"/>
      </symbol>
      <symbol id="sm-563">
         <name>Ref_isRefGenBusy</name>
         <value>0x11386</value>
         <object_component_ref idref="oc-592"/>
      </symbol>
      <symbol id="sm-564">
         <name>Ref_enableReferenceVoltage</name>
         <value>0x113ac</value>
         <object_component_ref idref="oc-59e"/>
      </symbol>
      <symbol id="sm-565">
         <name>Ref_setReferenceVoltage</name>
         <value>0x11364</value>
         <object_component_ref idref="oc-598"/>
      </symbol>
      <symbol id="sm-579">
         <name>SFR_enableInterrupt</name>
         <value>0x113b8</value>
         <object_component_ref idref="oc-5da"/>
      </symbol>
      <symbol id="sm-57a">
         <name>SFR_clearInterrupt</name>
         <value>0x113b2</value>
         <object_component_ref idref="oc-5d4"/>
      </symbol>
      <symbol id="sm-592">
         <name>Timer_A_initUpMode</name>
         <value>0x10abe</value>
         <object_component_ref idref="oc-561"/>
      </symbol>
      <symbol id="sm-593">
         <name>Timer_A_clearTimerInterrupt</name>
         <value>0x113be</value>
         <object_component_ref idref="oc-558"/>
      </symbol>
      <symbol id="sm-611">
         <name>UCS_clearAllOscFlagsWithTimeout</name>
         <value>0x111ae</value>
         <object_component_ref idref="oc-424"/>
      </symbol>
      <symbol id="sm-612">
         <name>UCS_initClockSignal</name>
         <value>0x1085e</value>
         <object_component_ref idref="oc-536"/>
      </symbol>
      <symbol id="sm-613">
         <name>UCS_initFLLSettle</name>
         <value>0x10f6a</value>
         <object_component_ref idref="oc-53c"/>
      </symbol>
      <symbol id="sm-614">
         <name>UCS_initFLL</name>
         <value>0x10332</value>
         <object_component_ref idref="oc-64d"/>
      </symbol>
      <symbol id="sm-615">
         <name>UCS_getSMCLK</name>
         <value>0x1125e</value>
         <object_component_ref idref="oc-542"/>
      </symbol>
      <symbol id="sm-616">
         <name>UCS_getACLK</name>
         <value>0x111cc</value>
         <object_component_ref idref="oc-551"/>
      </symbol>
      <symbol id="sm-617">
         <name>UCS_getMCLK</name>
         <value>0x112be</value>
         <object_component_ref idref="oc-54b"/>
      </symbol>
      <symbol id="sm-655">
         <name>USCI_A_UART_init</name>
         <value>0x10788</value>
         <object_component_ref idref="oc-57f"/>
      </symbol>
      <symbol id="sm-656">
         <name>USCI_A_UART_clearInterrupt</name>
         <value>0x11370</value>
         <object_component_ref idref="oc-41d"/>
      </symbol>
      <symbol id="sm-657">
         <name>USCI_A_UART_queryStatusFlags</name>
         <value>0x11390</value>
         <object_component_ref idref="oc-5fc"/>
      </symbol>
      <symbol id="sm-658">
         <name>USCI_A_UART_receiveData</name>
         <value>0x11208</value>
         <object_component_ref idref="oc-414"/>
      </symbol>
      <symbol id="sm-659">
         <name>USCI_A_UART_transmitData</name>
         <value>0x11130</value>
         <object_component_ref idref="oc-5f6"/>
      </symbol>
      <symbol id="sm-65a">
         <name>USCI_A_UART_enableInterrupt</name>
         <value>0x111ea</value>
         <object_component_ref idref="oc-58b"/>
      </symbol>
      <symbol id="sm-65b">
         <name>USCI_A_UART_enable</name>
         <value>0x113c4</value>
         <object_component_ref idref="oc-585"/>
      </symbol>
      <symbol id="sm-666">
         <name>WDT_A_hold</name>
         <value>0x11150</value>
         <object_component_ref idref="oc-510"/>
      </symbol>
      <symbol id="sm-687">
         <name>sprintf</name>
         <value>0x10e32</value>
         <object_component_ref idref="oc-5ea"/>
      </symbol>
      <symbol id="sm-693">
         <name>__mspabi_remi</name>
         <value>0x10fd2</value>
         <object_component_ref idref="oc-6df"/>
      </symbol>
      <symbol id="sm-694">
         <name>__mspabi_divi</name>
         <value>0x10fd2</value>
         <object_component_ref idref="oc-6df"/>
      </symbol>
      <symbol id="sm-69e">
         <name>__mspabi_remu</name>
         <value>0x112ea</value>
         <object_component_ref idref="oc-729"/>
      </symbol>
      <symbol id="sm-69f">
         <name>__mspabi_divu</name>
         <value>0x112ea</value>
         <object_component_ref idref="oc-729"/>
      </symbol>
      <symbol id="sm-6ab">
         <name>__mspabi_remli</name>
         <value>0x10eb6</value>
         <object_component_ref idref="oc-6da"/>
      </symbol>
      <symbol id="sm-6ac">
         <name>__mspabi_divli</name>
         <value>0x10eb6</value>
         <object_component_ref idref="oc-6da"/>
      </symbol>
      <symbol id="sm-6ba">
         <name>__mspabi_remul</name>
         <value>0x10bb0</value>
         <object_component_ref idref="oc-6cf"/>
      </symbol>
      <symbol id="sm-6bb">
         <name>__mspabi_divul</name>
         <value>0x10bb0</value>
         <object_component_ref idref="oc-6cf"/>
      </symbol>
      <symbol id="sm-6c2">
         <name>__TI_int41</name>
         <value>0xffd2</value>
         <object_component_ref idref="oc-79"/>
      </symbol>
      <symbol id="sm-6c5">
         <name>__TI_int42</name>
         <value>0xffd4</value>
         <object_component_ref idref="oc-7a"/>
      </symbol>
      <symbol id="sm-6c8">
         <name>__TI_int43</name>
         <value>0xffd6</value>
         <object_component_ref idref="oc-7b"/>
      </symbol>
      <symbol id="sm-6cb">
         <name>__TI_int45</name>
         <value>0xffda</value>
         <object_component_ref idref="oc-7d"/>
      </symbol>
      <symbol id="sm-6ce">
         <name>__TI_int46</name>
         <value>0xffdc</value>
         <object_component_ref idref="oc-7e"/>
      </symbol>
      <symbol id="sm-6d1">
         <name>__TI_int48</name>
         <value>0xffe0</value>
         <object_component_ref idref="oc-80"/>
      </symbol>
      <symbol id="sm-6d4">
         <name>__TI_int50</name>
         <value>0xffe4</value>
         <object_component_ref idref="oc-82"/>
      </symbol>
      <symbol id="sm-6d7">
         <name>__TI_int51</name>
         <value>0xffe6</value>
         <object_component_ref idref="oc-83"/>
      </symbol>
      <symbol id="sm-6da">
         <name>__TI_int52</name>
         <value>0xffe8</value>
         <object_component_ref idref="oc-84"/>
      </symbol>
      <symbol id="sm-6dd">
         <name>__TI_int53</name>
         <value>0xffea</value>
         <object_component_ref idref="oc-85"/>
      </symbol>
      <symbol id="sm-6e0">
         <name>__TI_int55</name>
         <value>0xffee</value>
         <object_component_ref idref="oc-87"/>
      </symbol>
      <symbol id="sm-6e3">
         <name>__TI_int57</name>
         <value>0xfff2</value>
         <object_component_ref idref="oc-89"/>
      </symbol>
      <symbol id="sm-6e6">
         <name>__TI_int58</name>
         <value>0xfff4</value>
         <object_component_ref idref="oc-8a"/>
      </symbol>
      <symbol id="sm-6e9">
         <name>__TI_int59</name>
         <value>0xfff6</value>
         <object_component_ref idref="oc-8b"/>
      </symbol>
      <symbol id="sm-6ec">
         <name>__TI_int60</name>
         <value>0xfff8</value>
         <object_component_ref idref="oc-8c"/>
      </symbol>
      <symbol id="sm-6ef">
         <name>__TI_int62</name>
         <value>0xfffc</value>
         <object_component_ref idref="oc-8e"/>
      </symbol>
      <symbol id="sm-6f7">
         <name>__TI_ISR_TRAP</name>
         <value>0x44d2</value>
         <object_component_ref idref="oc-387"/>
      </symbol>
      <symbol id="sm-700">
         <name>__mspabi_slli</name>
         <value>0x1139a</value>
         <object_component_ref idref="oc-71d"/>
      </symbol>
      <symbol id="sm-709">
         <name>__mspabi_mpyi_f5hw</name>
         <value>0x11290</value>
         <object_component_ref idref="oc-6bb"/>
      </symbol>
      <symbol id="sm-713">
         <name>__mspabi_mpyl_f5hw</name>
         <value>0x1110c</value>
         <object_component_ref idref="oc-722"/>
      </symbol>
      <symbol id="sm-725">
         <name>_stack</name>
         <value>0x4360</value>
         <object_component_ref idref="oc-36b"/>
      </symbol>
      <symbol id="sm-726">
         <name>_c_int00_noargs</name>
         <value>0x448c</value>
         <object_component_ref idref="oc-3c2"/>
      </symbol>
      <symbol id="sm-727">
         <name>_reset_vector</name>
         <value>0xfffe</value>
         <object_component_ref idref="oc-36e"/>
      </symbol>
      <symbol id="sm-74a">
         <name>__TI_auto_init_nobinit_nopinit_hold_wdt</name>
         <value>0x10c5e</value>
         <object_component_ref idref="oc-4e0"/>
      </symbol>
      <symbol id="sm-75d">
         <name>__TI_zero_init_nomemset</name>
         <value>0x110e8</value>
         <object_component_ref idref="oc-3b0"/>
      </symbol>
      <symbol id="sm-76d">
         <name>_system_pre_init</name>
         <value>0x113d0</value>
         <object_component_ref idref="oc-436"/>
      </symbol>
      <symbol id="sm-776">
         <name>_system_post_cinit</name>
         <value>0x113d4</value>
         <object_component_ref idref="oc-615"/>
      </symbol>
      <symbol id="sm-787">
         <name>__TI_decompress_none</name>
         <value>0x11328</value>
         <object_component_ref idref="oc-73"/>
      </symbol>
      <symbol id="sm-7aa">
         <name>__TI_decompress_lzss</name>
         <value>0x10b3a</value>
         <object_component_ref idref="oc-6d"/>
      </symbol>
      <symbol id="sm-7b4">
         <name>C$$EXIT</name>
         <value>0x113ca</value>
         <object_component_ref idref="oc-4bc"/>
      </symbol>
      <symbol id="sm-7b5">
         <name>abort</name>
         <value>0x113ca</value>
         <object_component_ref idref="oc-4bc"/>
      </symbol>
      <symbol id="sm-7c5">
         <name>memcpy</name>
         <value>0x11314</value>
         <object_component_ref idref="oc-37a"/>
      </symbol>
      <symbol id="sm-7d3">
         <name>strlen</name>
         <value>0x1134a</value>
         <object_component_ref idref="oc-5f0"/>
      </symbol>
      <symbol id="sm-827">
         <name>__TI_printfi_minimal</name>
         <value>0x105d2</value>
         <object_component_ref idref="oc-68e"/>
      </symbol>
      <symbol id="sm-838">
         <name>memccpy</name>
         <value>0x110c2</value>
         <object_component_ref idref="oc-73c"/>
      </symbol>
      <symbol id="sm-846">
         <name>memset</name>
         <value>0x112d4</value>
         <object_component_ref idref="oc-72f"/>
      </symbol>
   </symbol_table>
   <title>Link successful</title>
</link_info>
