<?xml version="1.0" encoding="ISO-8859-1" ?>
<link_info>
   <banner>MSP430 Linker Unix v20.2.3.LTS</banner>
   <copyright>Copyright (c) 2003-2018 Texas Instruments Incorporated</copyright>
   <link_time>0x5fedc5f9</link_time>
   <link_errors>0x0</link_errors>
   <output_file>msp430f5529.out</output_file>
   <entry_point>
      <name>_c_int00_noargs</name>
      <address>0x46f0</address>
   </entry_point>
   <input_file_list>
      <input_file id="fl-2">
         <path>./</path>
         <kind>object</kind>
         <file>main.obj</file>
         <name>main.obj</name>
      </input_file>
      <input_file id="fl-3">
         <path>./includes/config/</path>
         <kind>object</kind>
         <file>adc_cfg.obj</file>
         <name>adc_cfg.obj</name>
      </input_file>
      <input_file id="fl-4">
         <path>./includes/config/</path>
         <kind>object</kind>
         <file>clk_cfg.obj</file>
         <name>clk_cfg.obj</name>
      </input_file>
      <input_file id="fl-5">
         <path>./includes/config/</path>
         <kind>object</kind>
         <file>fir_filter.obj</file>
         <name>fir_filter.obj</name>
      </input_file>
      <input_file id="fl-6">
         <path>./includes/config/</path>
         <kind>object</kind>
         <file>gpio_cfg.obj</file>
         <name>gpio_cfg.obj</name>
      </input_file>
      <input_file id="fl-7">
         <path>./includes/config/</path>
         <kind>object</kind>
         <file>iir_filter.obj</file>
         <name>iir_filter.obj</name>
      </input_file>
      <input_file id="fl-8">
         <path>./includes/config/</path>
         <kind>object</kind>
         <file>timer_cfg.obj</file>
         <name>timer_cfg.obj</name>
      </input_file>
      <input_file id="fl-9">
         <path>./includes/config/</path>
         <kind>object</kind>
         <file>uart_cfg.obj</file>
         <name>uart_cfg.obj</name>
      </input_file>
      <input_file id="fl-a">
         <path>./includes/driverlib/</path>
         <kind>object</kind>
         <file>adc10_a.obj</file>
         <name>adc10_a.obj</name>
      </input_file>
      <input_file id="fl-b">
         <path>./includes/driverlib/</path>
         <kind>object</kind>
         <file>adc12_a.obj</file>
         <name>adc12_a.obj</name>
      </input_file>
      <input_file id="fl-c">
         <path>./includes/driverlib/</path>
         <kind>object</kind>
         <file>aes.obj</file>
         <name>aes.obj</name>
      </input_file>
      <input_file id="fl-d">
         <path>./includes/driverlib/</path>
         <kind>object</kind>
         <file>battbak.obj</file>
         <name>battbak.obj</name>
      </input_file>
      <input_file id="fl-e">
         <path>./includes/driverlib/</path>
         <kind>object</kind>
         <file>comp_b.obj</file>
         <name>comp_b.obj</name>
      </input_file>
      <input_file id="fl-f">
         <path>./includes/driverlib/</path>
         <kind>object</kind>
         <file>crc.obj</file>
         <name>crc.obj</name>
      </input_file>
      <input_file id="fl-10">
         <path>./includes/driverlib/</path>
         <kind>object</kind>
         <file>ctsd16.obj</file>
         <name>ctsd16.obj</name>
      </input_file>
      <input_file id="fl-11">
         <path>./includes/driverlib/</path>
         <kind>object</kind>
         <file>dac12_a.obj</file>
         <name>dac12_a.obj</name>
      </input_file>
      <input_file id="fl-12">
         <path>./includes/driverlib/</path>
         <kind>object</kind>
         <file>dma.obj</file>
         <name>dma.obj</name>
      </input_file>
      <input_file id="fl-13">
         <path>./includes/driverlib/</path>
         <kind>object</kind>
         <file>eusci_a_spi.obj</file>
         <name>eusci_a_spi.obj</name>
      </input_file>
      <input_file id="fl-14">
         <path>./includes/driverlib/</path>
         <kind>object</kind>
         <file>eusci_a_uart.obj</file>
         <name>eusci_a_uart.obj</name>
      </input_file>
      <input_file id="fl-15">
         <path>./includes/driverlib/</path>
         <kind>object</kind>
         <file>eusci_b_i2c.obj</file>
         <name>eusci_b_i2c.obj</name>
      </input_file>
      <input_file id="fl-16">
         <path>./includes/driverlib/</path>
         <kind>object</kind>
         <file>eusci_b_spi.obj</file>
         <name>eusci_b_spi.obj</name>
      </input_file>
      <input_file id="fl-17">
         <path>./includes/driverlib/</path>
         <kind>object</kind>
         <file>flashctl.obj</file>
         <name>flashctl.obj</name>
      </input_file>
      <input_file id="fl-18">
         <path>./includes/driverlib/</path>
         <kind>object</kind>
         <file>gpio.obj</file>
         <name>gpio.obj</name>
      </input_file>
      <input_file id="fl-19">
         <path>./includes/driverlib/</path>
         <kind>object</kind>
         <file>lcd_b.obj</file>
         <name>lcd_b.obj</name>
      </input_file>
      <input_file id="fl-1a">
         <path>./includes/driverlib/</path>
         <kind>object</kind>
         <file>lcd_c.obj</file>
         <name>lcd_c.obj</name>
      </input_file>
      <input_file id="fl-1b">
         <path>./includes/driverlib/</path>
         <kind>object</kind>
         <file>ldopwr.obj</file>
         <name>ldopwr.obj</name>
      </input_file>
      <input_file id="fl-1c">
         <path>./includes/driverlib/</path>
         <kind>object</kind>
         <file>mpy32.obj</file>
         <name>mpy32.obj</name>
      </input_file>
      <input_file id="fl-1d">
         <path>./includes/driverlib/</path>
         <kind>object</kind>
         <file>oa.obj</file>
         <name>oa.obj</name>
      </input_file>
      <input_file id="fl-1e">
         <path>./includes/driverlib/</path>
         <kind>object</kind>
         <file>pmap.obj</file>
         <name>pmap.obj</name>
      </input_file>
      <input_file id="fl-1f">
         <path>./includes/driverlib/</path>
         <kind>object</kind>
         <file>pmm.obj</file>
         <name>pmm.obj</name>
      </input_file>
      <input_file id="fl-20">
         <path>./includes/driverlib/</path>
         <kind>object</kind>
         <file>ram.obj</file>
         <name>ram.obj</name>
      </input_file>
      <input_file id="fl-21">
         <path>./includes/driverlib/</path>
         <kind>object</kind>
         <file>ref.obj</file>
         <name>ref.obj</name>
      </input_file>
      <input_file id="fl-22">
         <path>./includes/driverlib/</path>
         <kind>object</kind>
         <file>rtc_a.obj</file>
         <name>rtc_a.obj</name>
      </input_file>
      <input_file id="fl-23">
         <path>./includes/driverlib/</path>
         <kind>object</kind>
         <file>rtc_b.obj</file>
         <name>rtc_b.obj</name>
      </input_file>
      <input_file id="fl-24">
         <path>./includes/driverlib/</path>
         <kind>object</kind>
         <file>rtc_c.obj</file>
         <name>rtc_c.obj</name>
      </input_file>
      <input_file id="fl-25">
         <path>./includes/driverlib/</path>
         <kind>object</kind>
         <file>sd24_b.obj</file>
         <name>sd24_b.obj</name>
      </input_file>
      <input_file id="fl-26">
         <path>./includes/driverlib/</path>
         <kind>object</kind>
         <file>sfr.obj</file>
         <name>sfr.obj</name>
      </input_file>
      <input_file id="fl-27">
         <path>./includes/driverlib/</path>
         <kind>object</kind>
         <file>sysctl.obj</file>
         <name>sysctl.obj</name>
      </input_file>
      <input_file id="fl-28">
         <path>./includes/driverlib/</path>
         <kind>object</kind>
         <file>tec.obj</file>
         <name>tec.obj</name>
      </input_file>
      <input_file id="fl-29">
         <path>./includes/driverlib/</path>
         <kind>object</kind>
         <file>timer_a.obj</file>
         <name>timer_a.obj</name>
      </input_file>
      <input_file id="fl-2a">
         <path>./includes/driverlib/</path>
         <kind>object</kind>
         <file>timer_b.obj</file>
         <name>timer_b.obj</name>
      </input_file>
      <input_file id="fl-2b">
         <path>./includes/driverlib/</path>
         <kind>object</kind>
         <file>timer_d.obj</file>
         <name>timer_d.obj</name>
      </input_file>
      <input_file id="fl-2c">
         <path>./includes/driverlib/</path>
         <kind>object</kind>
         <file>tlv.obj</file>
         <name>tlv.obj</name>
      </input_file>
      <input_file id="fl-2d">
         <path>./includes/driverlib/</path>
         <kind>object</kind>
         <file>ucs.obj</file>
         <name>ucs.obj</name>
      </input_file>
      <input_file id="fl-2e">
         <path>./includes/driverlib/</path>
         <kind>object</kind>
         <file>usci_a_spi.obj</file>
         <name>usci_a_spi.obj</name>
      </input_file>
      <input_file id="fl-2f">
         <path>./includes/driverlib/</path>
         <kind>object</kind>
         <file>usci_a_uart.obj</file>
         <name>usci_a_uart.obj</name>
      </input_file>
      <input_file id="fl-30">
         <path>./includes/driverlib/</path>
         <kind>object</kind>
         <file>usci_b_i2c.obj</file>
         <name>usci_b_i2c.obj</name>
      </input_file>
      <input_file id="fl-31">
         <path>./includes/driverlib/</path>
         <kind>object</kind>
         <file>usci_b_spi.obj</file>
         <name>usci_b_spi.obj</name>
      </input_file>
      <input_file id="fl-32">
         <path>./includes/driverlib/</path>
         <kind>object</kind>
         <file>wdt_a.obj</file>
         <name>wdt_a.obj</name>
      </input_file>
      <input_file id="fl-38">
         <kind>object</kind>
         <file>&lt;internal&gt;</file>
         <name>&lt;internal&gt;</name>
      </input_file>
      <input_file id="fl-53">
         <path>/Applications/ti/ccs1011/ccs/tools/compiler/ti-cgt-msp430_20.2.3.LTS/lib/</path>
         <kind>archive</kind>
         <file>rts430x_lc_rd_eabi.lib</file>
         <name>sprintf.c.obj</name>
      </input_file>
      <input_file id="fl-54">
         <path>/Applications/ti/ccs1011/ccs/tools/compiler/ti-cgt-msp430_20.2.3.LTS/lib/</path>
         <kind>archive</kind>
         <file>rts430x_lc_rd_eabi.lib</file>
         <name>div16s.asm.obj</name>
      </input_file>
      <input_file id="fl-55">
         <path>/Applications/ti/ccs1011/ccs/tools/compiler/ti-cgt-msp430_20.2.3.LTS/lib/</path>
         <kind>archive</kind>
         <file>rts430x_lc_rd_eabi.lib</file>
         <name>div16u.asm.obj</name>
      </input_file>
      <input_file id="fl-56">
         <path>/Applications/ti/ccs1011/ccs/tools/compiler/ti-cgt-msp430_20.2.3.LTS/lib/</path>
         <kind>archive</kind>
         <file>rts430x_lc_rd_eabi.lib</file>
         <name>div32s.asm.obj</name>
      </input_file>
      <input_file id="fl-57">
         <path>/Applications/ti/ccs1011/ccs/tools/compiler/ti-cgt-msp430_20.2.3.LTS/lib/</path>
         <kind>archive</kind>
         <file>rts430x_lc_rd_eabi.lib</file>
         <name>div32u.asm.obj</name>
      </input_file>
      <input_file id="fl-58">
         <path>/Applications/ti/ccs1011/ccs/tools/compiler/ti-cgt-msp430_20.2.3.LTS/lib/</path>
         <kind>archive</kind>
         <file>rts430x_lc_rd_eabi.lib</file>
         <name>fs_add.asm.obj</name>
      </input_file>
      <input_file id="fl-59">
         <path>/Applications/ti/ccs1011/ccs/tools/compiler/ti-cgt-msp430_20.2.3.LTS/lib/</path>
         <kind>archive</kind>
         <file>rts430x_lc_rd_eabi.lib</file>
         <name>fs_mpy.asm.obj</name>
      </input_file>
      <input_file id="fl-5a">
         <path>/Applications/ti/ccs1011/ccs/tools/compiler/ti-cgt-msp430_20.2.3.LTS/lib/</path>
         <kind>archive</kind>
         <file>rts430x_lc_rd_eabi.lib</file>
         <name>fs_tou.asm.obj</name>
      </input_file>
      <input_file id="fl-5b">
         <path>/Applications/ti/ccs1011/ccs/tools/compiler/ti-cgt-msp430_20.2.3.LTS/lib/</path>
         <kind>archive</kind>
         <file>rts430x_lc_rd_eabi.lib</file>
         <name>fs_utof.asm.obj</name>
      </input_file>
      <input_file id="fl-5c">
         <path>/Applications/ti/ccs1011/ccs/tools/compiler/ti-cgt-msp430_20.2.3.LTS/lib/</path>
         <kind>archive</kind>
         <file>rts430x_lc_rd_eabi.lib</file>
         <name>int41.asm.obj</name>
      </input_file>
      <input_file id="fl-5d">
         <path>/Applications/ti/ccs1011/ccs/tools/compiler/ti-cgt-msp430_20.2.3.LTS/lib/</path>
         <kind>archive</kind>
         <file>rts430x_lc_rd_eabi.lib</file>
         <name>int42.asm.obj</name>
      </input_file>
      <input_file id="fl-5e">
         <path>/Applications/ti/ccs1011/ccs/tools/compiler/ti-cgt-msp430_20.2.3.LTS/lib/</path>
         <kind>archive</kind>
         <file>rts430x_lc_rd_eabi.lib</file>
         <name>int43.asm.obj</name>
      </input_file>
      <input_file id="fl-5f">
         <path>/Applications/ti/ccs1011/ccs/tools/compiler/ti-cgt-msp430_20.2.3.LTS/lib/</path>
         <kind>archive</kind>
         <file>rts430x_lc_rd_eabi.lib</file>
         <name>int45.asm.obj</name>
      </input_file>
      <input_file id="fl-60">
         <path>/Applications/ti/ccs1011/ccs/tools/compiler/ti-cgt-msp430_20.2.3.LTS/lib/</path>
         <kind>archive</kind>
         <file>rts430x_lc_rd_eabi.lib</file>
         <name>int46.asm.obj</name>
      </input_file>
      <input_file id="fl-61">
         <path>/Applications/ti/ccs1011/ccs/tools/compiler/ti-cgt-msp430_20.2.3.LTS/lib/</path>
         <kind>archive</kind>
         <file>rts430x_lc_rd_eabi.lib</file>
         <name>int48.asm.obj</name>
      </input_file>
      <input_file id="fl-62">
         <path>/Applications/ti/ccs1011/ccs/tools/compiler/ti-cgt-msp430_20.2.3.LTS/lib/</path>
         <kind>archive</kind>
         <file>rts430x_lc_rd_eabi.lib</file>
         <name>int50.asm.obj</name>
      </input_file>
      <input_file id="fl-63">
         <path>/Applications/ti/ccs1011/ccs/tools/compiler/ti-cgt-msp430_20.2.3.LTS/lib/</path>
         <kind>archive</kind>
         <file>rts430x_lc_rd_eabi.lib</file>
         <name>int51.asm.obj</name>
      </input_file>
      <input_file id="fl-64">
         <path>/Applications/ti/ccs1011/ccs/tools/compiler/ti-cgt-msp430_20.2.3.LTS/lib/</path>
         <kind>archive</kind>
         <file>rts430x_lc_rd_eabi.lib</file>
         <name>int52.asm.obj</name>
      </input_file>
      <input_file id="fl-65">
         <path>/Applications/ti/ccs1011/ccs/tools/compiler/ti-cgt-msp430_20.2.3.LTS/lib/</path>
         <kind>archive</kind>
         <file>rts430x_lc_rd_eabi.lib</file>
         <name>int53.asm.obj</name>
      </input_file>
      <input_file id="fl-66">
         <path>/Applications/ti/ccs1011/ccs/tools/compiler/ti-cgt-msp430_20.2.3.LTS/lib/</path>
         <kind>archive</kind>
         <file>rts430x_lc_rd_eabi.lib</file>
         <name>int55.asm.obj</name>
      </input_file>
      <input_file id="fl-67">
         <path>/Applications/ti/ccs1011/ccs/tools/compiler/ti-cgt-msp430_20.2.3.LTS/lib/</path>
         <kind>archive</kind>
         <file>rts430x_lc_rd_eabi.lib</file>
         <name>int57.asm.obj</name>
      </input_file>
      <input_file id="fl-68">
         <path>/Applications/ti/ccs1011/ccs/tools/compiler/ti-cgt-msp430_20.2.3.LTS/lib/</path>
         <kind>archive</kind>
         <file>rts430x_lc_rd_eabi.lib</file>
         <name>int58.asm.obj</name>
      </input_file>
      <input_file id="fl-69">
         <path>/Applications/ti/ccs1011/ccs/tools/compiler/ti-cgt-msp430_20.2.3.LTS/lib/</path>
         <kind>archive</kind>
         <file>rts430x_lc_rd_eabi.lib</file>
         <name>int60.asm.obj</name>
      </input_file>
      <input_file id="fl-6a">
         <path>/Applications/ti/ccs1011/ccs/tools/compiler/ti-cgt-msp430_20.2.3.LTS/lib/</path>
         <kind>archive</kind>
         <file>rts430x_lc_rd_eabi.lib</file>
         <name>int62.asm.obj</name>
      </input_file>
      <input_file id="fl-6b">
         <path>/Applications/ti/ccs1011/ccs/tools/compiler/ti-cgt-msp430_20.2.3.LTS/lib/</path>
         <kind>archive</kind>
         <file>rts430x_lc_rd_eabi.lib</file>
         <name>isr_trap.asm.obj</name>
      </input_file>
      <input_file id="fl-6c">
         <path>/Applications/ti/ccs1011/ccs/tools/compiler/ti-cgt-msp430_20.2.3.LTS/lib/</path>
         <kind>archive</kind>
         <file>rts430x_lc_rd_eabi.lib</file>
         <name>lsl16.asm.obj</name>
      </input_file>
      <input_file id="fl-6d">
         <path>/Applications/ti/ccs1011/ccs/tools/compiler/ti-cgt-msp430_20.2.3.LTS/lib/</path>
         <kind>archive</kind>
         <file>rts430x_lc_rd_eabi.lib</file>
         <name>mult16.asm.obj</name>
      </input_file>
      <input_file id="fl-6e">
         <path>/Applications/ti/ccs1011/ccs/tools/compiler/ti-cgt-msp430_20.2.3.LTS/lib/</path>
         <kind>archive</kind>
         <file>rts430x_lc_rd_eabi.lib</file>
         <name>mult16_f5hw.asm.obj</name>
      </input_file>
      <input_file id="fl-6f">
         <path>/Applications/ti/ccs1011/ccs/tools/compiler/ti-cgt-msp430_20.2.3.LTS/lib/</path>
         <kind>archive</kind>
         <file>rts430x_lc_rd_eabi.lib</file>
         <name>mult1632_f5hw.asm.obj</name>
      </input_file>
      <input_file id="fl-70">
         <path>/Applications/ti/ccs1011/ccs/tools/compiler/ti-cgt-msp430_20.2.3.LTS/lib/</path>
         <kind>archive</kind>
         <file>rts430x_lc_rd_eabi.lib</file>
         <name>mult32.asm.obj</name>
      </input_file>
      <input_file id="fl-71">
         <path>/Applications/ti/ccs1011/ccs/tools/compiler/ti-cgt-msp430_20.2.3.LTS/lib/</path>
         <kind>archive</kind>
         <file>rts430x_lc_rd_eabi.lib</file>
         <name>mult32_f5hw.asm.obj</name>
      </input_file>
      <input_file id="fl-72">
         <path>/Applications/ti/ccs1011/ccs/tools/compiler/ti-cgt-msp430_20.2.3.LTS/lib/</path>
         <kind>archive</kind>
         <file>rts430x_lc_rd_eabi.lib</file>
         <name>mult3264_f5hw.asm.obj</name>
      </input_file>
      <input_file id="fl-73">
         <path>/Applications/ti/ccs1011/ccs/tools/compiler/ti-cgt-msp430_20.2.3.LTS/lib/</path>
         <kind>archive</kind>
         <file>rts430x_lc_rd_eabi.lib</file>
         <name>mult64_f5hw.asm.obj</name>
      </input_file>
      <input_file id="fl-74">
         <path>/Applications/ti/ccs1011/ccs/tools/compiler/ti-cgt-msp430_20.2.3.LTS/lib/</path>
         <kind>archive</kind>
         <file>rts430x_lc_rd_eabi.lib</file>
         <name>boot.c.obj</name>
      </input_file>
      <input_file id="fl-75">
         <path>/Applications/ti/ccs1011/ccs/tools/compiler/ti-cgt-msp430_20.2.3.LTS/lib/</path>
         <kind>archive</kind>
         <file>rts430x_lc_rd_eabi.lib</file>
         <name>autoinit.c.obj</name>
      </input_file>
      <input_file id="fl-76">
         <path>/Applications/ti/ccs1011/ccs/tools/compiler/ti-cgt-msp430_20.2.3.LTS/lib/</path>
         <kind>archive</kind>
         <file>rts430x_lc_rd_eabi.lib</file>
         <name>copy_zero_init.c.obj</name>
      </input_file>
      <input_file id="fl-77">
         <path>/Applications/ti/ccs1011/ccs/tools/compiler/ti-cgt-msp430_20.2.3.LTS/lib/</path>
         <kind>archive</kind>
         <file>rts430x_lc_rd_eabi.lib</file>
         <name>cpy_tbl.c.obj</name>
      </input_file>
      <input_file id="fl-78">
         <path>/Applications/ti/ccs1011/ccs/tools/compiler/ti-cgt-msp430_20.2.3.LTS/lib/</path>
         <kind>archive</kind>
         <file>rts430x_lc_rd_eabi.lib</file>
         <name>mpu_init.c.obj</name>
      </input_file>
      <input_file id="fl-79">
         <path>/Applications/ti/ccs1011/ccs/tools/compiler/ti-cgt-msp430_20.2.3.LTS/lib/</path>
         <kind>archive</kind>
         <file>rts430x_lc_rd_eabi.lib</file>
         <name>pre_init.c.obj</name>
      </input_file>
      <input_file id="fl-7a">
         <path>/Applications/ti/ccs1011/ccs/tools/compiler/ti-cgt-msp430_20.2.3.LTS/lib/</path>
         <kind>archive</kind>
         <file>rts430x_lc_rd_eabi.lib</file>
         <name>startup.c.obj</name>
      </input_file>
      <input_file id="fl-7b">
         <path>/Applications/ti/ccs1011/ccs/tools/compiler/ti-cgt-msp430_20.2.3.LTS/lib/</path>
         <kind>archive</kind>
         <file>rts430x_lc_rd_eabi.lib</file>
         <name>copy_decompress_none.c.obj</name>
      </input_file>
      <input_file id="fl-7c">
         <path>/Applications/ti/ccs1011/ccs/tools/compiler/ti-cgt-msp430_20.2.3.LTS/lib/</path>
         <kind>archive</kind>
         <file>rts430x_lc_rd_eabi.lib</file>
         <name>copy_decompress_lzss.c.obj</name>
      </input_file>
      <input_file id="fl-7d">
         <path>/Applications/ti/ccs1011/ccs/tools/compiler/ti-cgt-msp430_20.2.3.LTS/lib/</path>
         <kind>archive</kind>
         <file>rts430x_lc_rd_eabi.lib</file>
         <name>exit.c.obj</name>
      </input_file>
      <input_file id="fl-7e">
         <path>/Applications/ti/ccs1011/ccs/tools/compiler/ti-cgt-msp430_20.2.3.LTS/lib/</path>
         <kind>archive</kind>
         <file>rts430x_lc_rd_eabi.lib</file>
         <name>_lock.c.obj</name>
      </input_file>
      <input_file id="fl-7f">
         <path>/Applications/ti/ccs1011/ccs/tools/compiler/ti-cgt-msp430_20.2.3.LTS/lib/</path>
         <kind>archive</kind>
         <file>rts430x_lc_rd_eabi.lib</file>
         <name>args_main.c.obj</name>
      </input_file>
      <input_file id="fl-80">
         <path>/Applications/ti/ccs1011/ccs/tools/compiler/ti-cgt-msp430_20.2.3.LTS/lib/</path>
         <kind>archive</kind>
         <file>rts430x_lc_rd_eabi.lib</file>
         <name>memcpy.c.obj</name>
      </input_file>
      <input_file id="fl-81">
         <path>/Applications/ti/ccs1011/ccs/tools/compiler/ti-cgt-msp430_20.2.3.LTS/lib/</path>
         <kind>archive</kind>
         <file>rts430x_lc_rd_eabi.lib</file>
         <name>strcpy.c.obj</name>
      </input_file>
      <input_file id="fl-82">
         <path>/Applications/ti/ccs1011/ccs/tools/compiler/ti-cgt-msp430_20.2.3.LTS/lib/</path>
         <kind>archive</kind>
         <file>rts430x_lc_rd_eabi.lib</file>
         <name>strlen.c.obj</name>
      </input_file>
      <input_file id="fl-83">
         <path>/Applications/ti/ccs1011/ccs/tools/compiler/ti-cgt-msp430_20.2.3.LTS/lib/</path>
         <kind>archive</kind>
         <file>rts430x_lc_rd_eabi.lib</file>
         <name>_printfi_min.c.obj</name>
      </input_file>
      <input_file id="fl-84">
         <path>/Applications/ti/ccs1011/ccs/tools/compiler/ti-cgt-msp430_20.2.3.LTS/lib/</path>
         <kind>archive</kind>
         <file>rts430x_lc_rd_eabi.lib</file>
         <name>exit_gvars.c.obj</name>
      </input_file>
      <input_file id="fl-85">
         <path>/Applications/ti/ccs1011/ccs/tools/compiler/ti-cgt-msp430_20.2.3.LTS/lib/</path>
         <kind>archive</kind>
         <file>rts430x_lc_rd_eabi.lib</file>
         <name>lsr64.c.obj</name>
      </input_file>
      <input_file id="fl-86">
         <path>/Applications/ti/ccs1011/ccs/tools/compiler/ti-cgt-msp430_20.2.3.LTS/lib/</path>
         <kind>archive</kind>
         <file>rts430x_lc_rd_eabi.lib</file>
         <name>memccpy.c.obj</name>
      </input_file>
      <input_file id="fl-87">
         <path>/Applications/ti/ccs1011/ccs/tools/compiler/ti-cgt-msp430_20.2.3.LTS/lib/</path>
         <kind>archive</kind>
         <file>rts430x_lc_rd_eabi.lib</file>
         <name>memset.c.obj</name>
      </input_file>
   </input_file_list>
   <object_component_list>
      <object_component id="oc-69c">
         <name>.bss:b</name>
         <uninitialized>true</uninitialized>
         <run_address>0x2400</run_address>
         <size>0x324</size>
         <input_file_ref idref="fl-5"/>
      </object_component>
      <object_component id="oc-69f">
         <name>.bss:circular_buffer</name>
         <uninitialized>true</uninitialized>
         <run_address>0x2724</run_address>
         <size>0x192</size>
         <input_file_ref idref="fl-5"/>
      </object_component>
      <object_component id="oc-478">
         <name>.common:status</name>
         <uninitialized>true</uninitialized>
         <run_address>0x28ee</run_address>
         <size>0x2</size>
      </object_component>
      <object_component id="oc-4f6">
         <name>.common:a_iir</name>
         <uninitialized>true</uninitialized>
         <run_address>0x28b6</run_address>
         <size>0x1c</size>
      </object_component>
      <object_component id="oc-4e3">
         <name>.common:b_iir</name>
         <uninitialized>true</uninitialized>
         <run_address>0x28d2</run_address>
         <size>0x1c</size>
      </object_component>
      <object_component id="oc-610">
         <name>.data</name>
         <load_address>0x2960</load_address>
         <run_address>0x2960</run_address>
         <size>0x4</size>
         <input_file_ref idref="fl-4"/>
      </object_component>
      <object_component id="oc-4f7">
         <name>.data:w_pres</name>
         <load_address>0x2920</load_address>
         <run_address>0x2920</run_address>
         <size>0x18</size>
         <input_file_ref idref="fl-7"/>
      </object_component>
      <object_component id="oc-4eb">
         <name>.data:w_past</name>
         <load_address>0x2908</load_address>
         <run_address>0x2908</run_address>
         <size>0x18</size>
         <input_file_ref idref="fl-7"/>
      </object_component>
      <object_component id="oc-4f3">
         <name>.data</name>
         <load_address>0x2964</load_address>
         <run_address>0x2964</run_address>
         <size>0x4</size>
         <input_file_ref idref="fl-7"/>
      </object_component>
      <object_component id="oc-429">
         <name>.data</name>
         <load_address>0x2968</load_address>
         <run_address>0x2968</run_address>
         <size>0x2</size>
         <input_file_ref idref="fl-8"/>
      </object_component>
      <object_component id="oc-440">
         <name>.data</name>
         <load_address>0x2938</load_address>
         <run_address>0x2938</run_address>
         <size>0x14</size>
         <input_file_ref idref="fl-9"/>
      </object_component>
      <object_component id="oc-449">
         <name>.data:uart_received_data</name>
         <load_address>0x294c</load_address>
         <run_address>0x294c</run_address>
         <size>0xc</size>
         <input_file_ref idref="fl-9"/>
      </object_component>
      <object_component id="oc-5a3">
         <name>.data:uart_transmit_set_val</name>
         <load_address>0x296a</load_address>
         <run_address>0x296a</run_address>
         <size>0x2</size>
         <input_file_ref idref="fl-9"/>
      </object_component>
      <object_component id="oc-59a">
         <name>.data:uart_transmit_full_message</name>
         <load_address>0x28f0</load_address>
         <run_address>0x28f0</run_address>
         <size>0x18</size>
         <input_file_ref idref="fl-9"/>
      </object_component>
      <object_component id="oc-7d3">
         <name>.data</name>
         <load_address>0x2958</load_address>
         <run_address>0x2958</run_address>
         <size>0x8</size>
         <input_file_ref idref="fl-2d"/>
      </object_component>
      <object_component id="oc-36b">
         <name>.stack</name>
         <uninitialized>true</uninitialized>
         <run_address>0x4360</run_address>
         <size>0x4</size>
         <input_file_ref idref="fl-74"/>
      </object_component>
      <object_component id="oc-8d2">
         <name>.stack</name>
         <uninitialized>true</uninitialized>
         <run_address>0x4360</run_address>
         <size>0x0</size>
      </object_component>
      <object_component id="oc-54e">
         <name>.text:fir_filter_init</name>
         <load_address>0x10000</load_address>
         <run_address>0x10000</run_address>
         <size>0x4dc</size>
         <input_file_ref idref="fl-5"/>
      </object_component>
      <object_component id="oc-433">
         <name>.text:iir_filter</name>
         <load_address>0x104dc</load_address>
         <run_address>0x104dc</run_address>
         <size>0x230</size>
         <input_file_ref idref="fl-7"/>
      </object_component>
      <object_component id="oc-7b4">
         <name>.text:_setfield</name>
         <load_address>0x1070c</load_address>
         <run_address>0x1070c</run_address>
         <size>0x132</size>
         <input_file_ref idref="fl-83"/>
      </object_component>
      <object_component id="oc-4ee">
         <name>.text</name>
         <load_address>0x1083e</load_address>
         <run_address>0x1083e</run_address>
         <size>0x132</size>
         <input_file_ref idref="fl-58"/>
      </object_component>
      <object_component id="oc-620">
         <name>.text:Init_Timer_A</name>
         <load_address>0x10970</load_address>
         <run_address>0x10970</run_address>
         <size>0x114</size>
         <input_file_ref idref="fl-8"/>
      </object_component>
      <object_component id="oc-7db">
         <name>.text:privateUCSSourceClockFromDCO</name>
         <load_address>0x10a84</load_address>
         <run_address>0x10a84</run_address>
         <size>0x108</size>
         <input_file_ref idref="fl-2d"/>
      </object_component>
      <object_component id="oc-70a">
         <name>.text:UCS_initFLL</name>
         <load_address>0x10b8c</load_address>
         <run_address>0x10b8c</run_address>
         <size>0xe2</size>
         <input_file_ref idref="fl-2d"/>
      </object_component>
      <object_component id="oc-6fc">
         <name>.text:PMM_setVCoreUp</name>
         <load_address>0x10c6e</load_address>
         <run_address>0x10c6e</run_address>
         <size>0xe0</size>
         <input_file_ref idref="fl-1f"/>
      </object_component>
      <object_component id="oc-712">
         <name>.text:privateUCSComputeCLKFrequency</name>
         <load_address>0x10d4e</load_address>
         <run_address>0x10d4e</run_address>
         <size>0xde</size>
         <input_file_ref idref="fl-2d"/>
      </object_component>
      <object_component id="oc-6f0">
         <name>.text:__TI_printfi_minimal</name>
         <load_address>0x10e2c</load_address>
         <run_address>0x10e2c</run_address>
         <size>0xdc</size>
         <input_file_ref idref="fl-83"/>
      </object_component>
      <object_component id="oc-81e">
         <name>.text:_pproc_diouxp</name>
         <load_address>0x10f08</load_address>
         <run_address>0x10f08</run_address>
         <size>0xda</size>
         <input_file_ref idref="fl-83"/>
      </object_component>
      <object_component id="oc-63c">
         <name>.text:USCI_A_UART_init</name>
         <load_address>0x10fe2</load_address>
         <run_address>0x10fe2</run_address>
         <size>0xd6</size>
         <input_file_ref idref="fl-2f"/>
      </object_component>
      <object_component id="oc-4e6">
         <name>.text</name>
         <load_address>0x110b8</load_address>
         <run_address>0x110b8</run_address>
         <size>0xb8</size>
         <input_file_ref idref="fl-59"/>
      </object_component>
      <object_component id="oc-53c">
         <name>.text:Init_ADC</name>
         <load_address>0x11170</load_address>
         <run_address>0x11170</run_address>
         <size>0xa8</size>
         <input_file_ref idref="fl-3"/>
      </object_component>
      <object_component id="oc-548">
         <name>.text:iir_filter_init</name>
         <load_address>0x11218</load_address>
         <run_address>0x11218</run_address>
         <size>0xa8</size>
         <input_file_ref idref="fl-7"/>
      </object_component>
      <object_component id="oc-5fe">
         <name>.text:UCS_initClockSignal</name>
         <load_address>0x112c0</load_address>
         <run_address>0x112c0</run_address>
         <size>0xa6</size>
         <input_file_ref idref="fl-2d"/>
      </object_component>
      <object_component id="oc-4c8">
         <name>.text:uart_transmit_data_start</name>
         <load_address>0x11366</load_address>
         <run_address>0x11366</run_address>
         <size>0xa4</size>
         <input_file_ref idref="fl-9"/>
      </object_component>
      <object_component id="oc-702">
         <name>.text:PMM_setVCoreDown</name>
         <load_address>0x1140a</load_address>
         <run_address>0x1140a</run_address>
         <size>0xa2</size>
         <input_file_ref idref="fl-1f"/>
      </object_component>
      <object_component id="oc-626">
         <name>.text:Init_Timer_B</name>
         <load_address>0x114ac</load_address>
         <run_address>0x114ac</run_address>
         <size>0x8a</size>
         <input_file_ref idref="fl-8"/>
      </object_component>
      <object_component id="oc-536">
         <name>.text:Init_UART</name>
         <load_address>0x11536</load_address>
         <run_address>0x11536</run_address>
         <size>0x80</size>
         <input_file_ref idref="fl-9"/>
      </object_component>
      <object_component id="oc-4ce">
         <name>.text:uart_transmit_data_value</name>
         <load_address>0x115b6</load_address>
         <run_address>0x115b6</run_address>
         <size>0x7c</size>
         <input_file_ref idref="fl-9"/>
      </object_component>
      <object_component id="oc-6d">
         <name>.text:decompress:lzss:__TI_decompress_lzss</name>
         <load_address>0x11632</load_address>
         <run_address>0x11632</run_address>
         <size>0x76</size>
         <input_file_ref idref="fl-7c"/>
      </object_component>
      <object_component id="oc-7d6">
         <name>.text</name>
         <load_address>0x116a8</load_address>
         <run_address>0x116a8</run_address>
         <size>0x58</size>
         <input_file_ref idref="fl-57"/>
      </object_component>
      <object_component id="oc-579">
         <name>.text:__TI_auto_init_nobinit_nopinit_hold_wdt:__TI_auto_init_nobinit_nopinit_hold_wdt</name>
         <load_address>0x11700</load_address>
         <run_address>0x11700</run_address>
         <size>0x54</size>
         <input_file_ref idref="fl-75"/>
      </object_component>
      <object_component id="oc-5f8">
         <name>.text:PMM_setVCore</name>
         <load_address>0x11754</load_address>
         <run_address>0x11754</run_address>
         <size>0x52</size>
         <input_file_ref idref="fl-1f"/>
      </object_component>
      <object_component id="oc-64f">
         <name>.text:ADC12_A_init</name>
         <load_address>0x117a6</load_address>
         <run_address>0x117a6</run_address>
         <size>0x50</size>
         <input_file_ref idref="fl-b"/>
      </object_component>
      <object_component id="oc-720">
         <name>.text:Timer_A_initContinuousMode</name>
         <load_address>0x117f6</load_address>
         <run_address>0x117f6</run_address>
         <size>0x50</size>
         <input_file_ref idref="fl-29"/>
      </object_component>
      <object_component id="oc-52a">
         <name>.text:Init_CLK</name>
         <load_address>0x11846</load_address>
         <run_address>0x11846</run_address>
         <size>0x4c</size>
         <input_file_ref idref="fl-4"/>
      </object_component>
      <object_component id="oc-7ba">
         <name>.text:_pproc_str</name>
         <load_address>0x11892</load_address>
         <run_address>0x11892</run_address>
         <size>0x48</size>
         <input_file_ref idref="fl-83"/>
      </object_component>
      <object_component id="oc-4fa">
         <name>.text</name>
         <load_address>0x118da</load_address>
         <run_address>0x118da</run_address>
         <size>0x46</size>
         <input_file_ref idref="fl-5a"/>
      </object_component>
      <object_component id="oc-5b9">
         <name>.text:sprintf</name>
         <load_address>0x11920</load_address>
         <run_address>0x11920</run_address>
         <size>0x44</size>
         <input_file_ref idref="fl-53"/>
      </object_component>
      <object_component id="oc-4d4">
         <name>.text:uart_transmit_data_end</name>
         <load_address>0x11964</load_address>
         <run_address>0x11964</run_address>
         <size>0x44</size>
         <input_file_ref idref="fl-9"/>
      </object_component>
      <object_component id="oc-682">
         <name>.text:ADC12_A_enableInterrupt</name>
         <load_address>0x119a8</load_address>
         <run_address>0x119a8</run_address>
         <size>0x40</size>
         <input_file_ref idref="fl-b"/>
      </object_component>
      <object_component id="oc-7e1">
         <name>.text</name>
         <load_address>0x119e8</load_address>
         <run_address>0x119e8</run_address>
         <size>0x40</size>
         <input_file_ref idref="fl-56"/>
      </object_component>
      <object_component id="oc-5eb">
         <name>.text:GPIO_setAsInputPinWithPullUpResistor</name>
         <load_address>0x11a28</load_address>
         <run_address>0x11a28</run_address>
         <size>0x3e</size>
         <input_file_ref idref="fl-18"/>
      </object_component>
      <object_component id="oc-72f">
         <name>.text:Timer_A_initCompareMode</name>
         <load_address>0x11a66</load_address>
         <run_address>0x11a66</run_address>
         <size>0x38</size>
         <input_file_ref idref="fl-29"/>
      </object_component>
      <object_component id="oc-753">
         <name>.text:Timer_B_initCompareMode</name>
         <load_address>0x11a9e</load_address>
         <run_address>0x11a9e</run_address>
         <size>0x38</size>
         <input_file_ref idref="fl-2a"/>
      </object_component>
      <object_component id="oc-604">
         <name>.text:UCS_initFLLSettle</name>
         <load_address>0x11ad6</load_address>
         <run_address>0x11ad6</run_address>
         <size>0x36</size>
         <input_file_ref idref="fl-2d"/>
      </object_component>
      <object_component id="oc-44c">
         <name>.text:uart_receive_data_end</name>
         <load_address>0x11b0c</load_address>
         <run_address>0x11b0c</run_address>
         <size>0x30</size>
         <input_file_ref idref="fl-9"/>
      </object_component>
      <object_component id="oc-524">
         <name>.text:Init_GPIO</name>
         <load_address>0x11b3c</load_address>
         <run_address>0x11b3c</run_address>
         <size>0x2e</size>
         <input_file_ref idref="fl-6"/>
      </object_component>
      <object_component id="oc-41c">
         <name>.text:GPIO_Buzzer_Single_Beep</name>
         <load_address>0x11b6a</load_address>
         <run_address>0x11b6a</run_address>
         <size>0x2c</size>
         <input_file_ref idref="fl-6"/>
      </object_component>
      <object_component id="oc-7e6">
         <name>.text</name>
         <load_address>0x11b96</load_address>
         <run_address>0x11b96</run_address>
         <size>0x2c</size>
         <input_file_ref idref="fl-54"/>
      </object_component>
      <object_component id="oc-5e5">
         <name>.text:GPIO_setAsOutputPin</name>
         <load_address>0x11bc2</load_address>
         <run_address>0x11bc2</run_address>
         <size>0x28</size>
         <input_file_ref idref="fl-18"/>
      </object_component>
      <object_component id="oc-62d">
         <name>.text:GPIO_setAsPeripheralModuleFunctionInputPin</name>
         <load_address>0x11bea</load_address>
         <run_address>0x11bea</run_address>
         <size>0x28</size>
         <input_file_ref idref="fl-18"/>
      </object_component>
      <object_component id="oc-633">
         <name>.text:GPIO_setAsPeripheralModuleFunctionOutputPin</name>
         <load_address>0x11c12</load_address>
         <run_address>0x11c12</run_address>
         <size>0x28</size>
         <input_file_ref idref="fl-18"/>
      </object_component>
      <object_component id="oc-48a">
         <name>.text:main</name>
         <load_address>0x11c3a</load_address>
         <run_address>0x11c3a</run_address>
         <size>0x28</size>
         <input_file_ref idref="fl-2"/>
      </object_component>
      <object_component id="oc-664">
         <name>.text:ADC12_A_configureMemory</name>
         <load_address>0x11c62</load_address>
         <run_address>0x11c62</run_address>
         <size>0x26</size>
         <input_file_ref idref="fl-b"/>
      </object_component>
      <object_component id="oc-65b">
         <name>.text:ADC12_A_setupSamplingTimer</name>
         <load_address>0x11c88</load_address>
         <run_address>0x11c88</run_address>
         <size>0x26</size>
         <input_file_ref idref="fl-b"/>
      </object_component>
      <object_component id="oc-824">
         <name>.text:memccpy</name>
         <load_address>0x11cae</load_address>
         <run_address>0x11cae</run_address>
         <size>0x26</size>
         <input_file_ref idref="fl-86"/>
      </object_component>
      <object_component id="oc-3bc">
         <name>.text:decompress:ZI:__TI_zero_init</name>
         <load_address>0x11cd4</load_address>
         <run_address>0x11cd4</run_address>
         <size>0x24</size>
         <input_file_ref idref="fl-76"/>
      </object_component>
      <object_component id="oc-4de">
         <name>.text</name>
         <load_address>0x11cf8</load_address>
         <run_address>0x11cf8</run_address>
         <size>0x24</size>
         <input_file_ref idref="fl-5b"/>
      </object_component>
      <object_component id="oc-83b">
         <name>.text</name>
         <load_address>0x11d1c</load_address>
         <run_address>0x11d1c</run_address>
         <size>0x24</size>
         <input_file_ref idref="fl-71"/>
      </object_component>
      <object_component id="oc-439">
         <name>.text:UART_Dreieck</name>
         <load_address>0x11d40</load_address>
         <run_address>0x11d40</run_address>
         <size>0x20</size>
         <input_file_ref idref="fl-9"/>
      </object_component>
      <object_component id="oc-5ac">
         <name>.text:USCI_A_UART_transmitData</name>
         <load_address>0x11d60</load_address>
         <run_address>0x11d60</run_address>
         <size>0x20</size>
         <input_file_ref idref="fl-2f"/>
      </object_component>
      <object_component id="oc-5de">
         <name>.text:WDT_A_hold</name>
         <load_address>0x11d80</load_address>
         <run_address>0x11d80</run_address>
         <size>0x20</size>
         <input_file_ref idref="fl-32"/>
      </object_component>
      <object_component id="oc-6e4">
         <name>.text:_outs</name>
         <load_address>0x11da0</load_address>
         <run_address>0x11da0</run_address>
         <size>0x20</size>
         <input_file_ref idref="fl-53"/>
      </object_component>
      <object_component id="oc-5f1">
         <name>.text:GPIO_enableInterrupt</name>
         <load_address>0x11dc0</load_address>
         <run_address>0x11dc0</run_address>
         <size>0x1e</size>
         <input_file_ref idref="fl-18"/>
      </object_component>
      <object_component id="oc-472">
         <name>.text:UCS_clearAllOscFlagsWithTimeout</name>
         <load_address>0x11dde</load_address>
         <run_address>0x11dde</run_address>
         <size>0x1e</size>
         <input_file_ref idref="fl-2d"/>
      </object_component>
      <object_component id="oc-619">
         <name>.text:UCS_getACLK</name>
         <load_address>0x11dfc</load_address>
         <run_address>0x11dfc</run_address>
         <size>0x1e</size>
         <input_file_ref idref="fl-2d"/>
      </object_component>
      <object_component id="oc-648">
         <name>.text:USCI_A_UART_enableInterrupt</name>
         <load_address>0x11e1a</load_address>
         <run_address>0x11e1a</run_address>
         <size>0x1e</size>
         <input_file_ref idref="fl-2f"/>
      </object_component>
      <object_component id="oc-443">
         <name>.text:USCI_A_UART_receiveData</name>
         <load_address>0x11e38</load_address>
         <run_address>0x11e38</run_address>
         <size>0x1e</size>
         <input_file_ref idref="fl-2f"/>
      </object_component>
      <object_component id="oc-4ba">
         <name>.text:GPIO_setOutputHighOnPin</name>
         <load_address>0x11e56</load_address>
         <run_address>0x11e56</run_address>
         <size>0x1c</size>
         <input_file_ref idref="fl-18"/>
      </object_component>
      <object_component id="oc-4c0">
         <name>.text:GPIO_setOutputLowOnPin</name>
         <load_address>0x11e72</load_address>
         <run_address>0x11e72</run_address>
         <size>0x1c</size>
         <input_file_ref idref="fl-18"/>
      </object_component>
      <object_component id="oc-40a">
         <name>.text:GPIO_toggleOutputOnPin</name>
         <load_address>0x11e8e</load_address>
         <run_address>0x11e8e</run_address>
         <size>0x1c</size>
         <input_file_ref idref="fl-18"/>
      </object_component>
      <object_component id="oc-422">
         <name>.text:Test_UART</name>
         <load_address>0x11eaa</load_address>
         <run_address>0x11eaa</run_address>
         <size>0x1c</size>
         <input_file_ref idref="fl-9"/>
      </object_component>
      <object_component id="oc-458">
         <name>.text:PULS_MINUS</name>
         <load_address>0x11ec6</load_address>
         <run_address>0x11ec6</run_address>
         <size>0x1a</size>
         <input_file_ref idref="fl-9"/>
      </object_component>
      <object_component id="oc-452">
         <name>.text:PULS_PLUS</name>
         <load_address>0x11ee0</load_address>
         <run_address>0x11ee0</run_address>
         <size>0x1a</size>
         <input_file_ref idref="fl-9"/>
      </object_component>
      <object_component id="oc-60a">
         <name>.text:UCS_getSMCLK</name>
         <load_address>0x11efa</load_address>
         <run_address>0x11efa</run_address>
         <size>0x1a</size>
         <input_file_ref idref="fl-2d"/>
      </object_component>
      <object_component id="oc-7a2">
         <name>.text</name>
         <load_address>0x11f14</load_address>
         <run_address>0x11f14</run_address>
         <size>0x18</size>
         <input_file_ref idref="fl-6e"/>
      </object_component>
      <object_component id="oc-542">
         <name>.text:EnableGlobalInterrupt</name>
         <load_address>0x11f2c</load_address>
         <run_address>0x11f2c</run_address>
         <size>0x16</size>
         <input_file_ref idref="fl-2"/>
      </object_component>
      <object_component id="oc-613">
         <name>.text:UCS_getMCLK</name>
         <load_address>0x11f42</load_address>
         <run_address>0x11f42</run_address>
         <size>0x16</size>
         <input_file_ref idref="fl-2d"/>
      </object_component>
      <object_component id="oc-817">
         <name>.text:memset</name>
         <load_address>0x11f58</load_address>
         <run_address>0x11f58</run_address>
         <size>0x16</size>
         <input_file_ref idref="fl-87"/>
      </object_component>
      <object_component id="oc-842">
         <name>.text</name>
         <load_address>0x11f6e</load_address>
         <run_address>0x11f6e</run_address>
         <size>0x16</size>
         <input_file_ref idref="fl-55"/>
      </object_component>
      <object_component id="oc-6ea">
         <name>.text:_outc</name>
         <load_address>0x11f84</load_address>
         <run_address>0x11f84</run_address>
         <size>0x14</size>
         <input_file_ref idref="fl-53"/>
      </object_component>
      <object_component id="oc-37a">
         <name>.text:memcpy</name>
         <load_address>0x11f98</load_address>
         <run_address>0x11f98</run_address>
         <size>0x14</size>
         <input_file_ref idref="fl-80"/>
      </object_component>
      <object_component id="oc-73">
         <name>.text:decompress:none:__TI_decompress_none</name>
         <load_address>0x11fac</load_address>
         <run_address>0x11fac</run_address>
         <size>0x12</size>
         <input_file_ref idref="fl-7b"/>
      </object_component>
      <object_component id="oc-5a6">
         <name>.text:strcpy</name>
         <load_address>0x11fbe</load_address>
         <run_address>0x11fbe</run_address>
         <size>0x12</size>
         <input_file_ref idref="fl-81"/>
      </object_component>
      <object_component id="oc-42d">
         <name>.text:ADC12_A_getResults</name>
         <load_address>0x11fd0</load_address>
         <run_address>0x11fd0</run_address>
         <size>0x10</size>
         <input_file_ref idref="fl-b"/>
      </object_component>
      <object_component id="oc-59d">
         <name>.text:strlen</name>
         <load_address>0x11fe0</load_address>
         <run_address>0x11fe0</run_address>
         <size>0xe</size>
         <input_file_ref idref="fl-82"/>
      </object_component>
      <object_component id="oc-67c">
         <name>.text:ADC12_A_clearInterrupt</name>
         <load_address>0x11fee</load_address>
         <run_address>0x11fee</run_address>
         <size>0xc</size>
         <input_file_ref idref="fl-b"/>
      </object_component>
      <object_component id="oc-670">
         <name>.text:Ref_setReferenceVoltage</name>
         <load_address>0x11ffa</load_address>
         <run_address>0x11ffa</run_address>
         <size>0xc</size>
         <input_file_ref idref="fl-21"/>
      </object_component>
      <object_component id="oc-410">
         <name>.text:Timer_A_setCompareValue</name>
         <load_address>0x12006</load_address>
         <run_address>0x12006</run_address>
         <size>0xc</size>
         <input_file_ref idref="fl-29"/>
      </object_component>
      <object_component id="oc-735">
         <name>.text:Timer_A_startCounter</name>
         <load_address>0x12012</load_address>
         <run_address>0x12012</run_address>
         <size>0xc</size>
         <input_file_ref idref="fl-29"/>
      </object_component>
      <object_component id="oc-46b">
         <name>.text:Timer_B_setCompareValue</name>
         <load_address>0x1201e</load_address>
         <run_address>0x1201e</run_address>
         <size>0xc</size>
         <input_file_ref idref="fl-2a"/>
      </object_component>
      <object_component id="oc-45e">
         <name>.text:USCI_A_UART_clearInterrupt</name>
         <load_address>0x1202a</load_address>
         <run_address>0x1202a</run_address>
         <size>0xc</size>
         <input_file_ref idref="fl-2f"/>
      </object_component>
      <object_component id="oc-530">
         <name>.text:Init_Timers</name>
         <load_address>0x12036</load_address>
         <run_address>0x12036</run_address>
         <size>0xa</size>
         <input_file_ref idref="fl-8"/>
      </object_component>
      <object_component id="oc-51e">
         <name>.text:Init_Watchdog</name>
         <load_address>0x12040</load_address>
         <run_address>0x12040</run_address>
         <size>0xa</size>
         <input_file_ref idref="fl-2"/>
      </object_component>
      <object_component id="oc-66a">
         <name>.text:Ref_isRefGenBusy</name>
         <load_address>0x1204a</load_address>
         <run_address>0x1204a</run_address>
         <size>0xa</size>
         <input_file_ref idref="fl-21"/>
      </object_component>
      <object_component id="oc-726">
         <name>.text:Timer_A_clearCaptureCompareInterrupt</name>
         <load_address>0x12054</load_address>
         <run_address>0x12054</run_address>
         <size>0xa</size>
         <input_file_ref idref="fl-29"/>
      </object_component>
      <object_component id="oc-404">
         <name>.text:Timer_A_getCaptureCompareCount</name>
         <load_address>0x1205e</load_address>
         <run_address>0x1205e</run_address>
         <size>0xa</size>
         <input_file_ref idref="fl-29"/>
      </object_component>
      <object_component id="oc-74a">
         <name>.text:Timer_B_clearCaptureCompareInterrupt</name>
         <load_address>0x12068</load_address>
         <run_address>0x12068</run_address>
         <size>0xa</size>
         <input_file_ref idref="fl-2a"/>
      </object_component>
      <object_component id="oc-465">
         <name>.text:Timer_B_getCaptureCompareCount</name>
         <load_address>0x12072</load_address>
         <run_address>0x12072</run_address>
         <size>0xa</size>
         <input_file_ref idref="fl-2a"/>
      </object_component>
      <object_component id="oc-5b2">
         <name>.text:USCI_A_UART_queryStatusFlags</name>
         <load_address>0x1207c</load_address>
         <run_address>0x1207c</run_address>
         <size>0xa</size>
         <input_file_ref idref="fl-2f"/>
      </object_component>
      <object_component id="oc-836">
         <name>.text</name>
         <load_address>0x12086</load_address>
         <run_address>0x12086</run_address>
         <size>0xa</size>
         <input_file_ref idref="fl-6c"/>
      </object_component>
      <object_component id="oc-655">
         <name>.text:ADC12_A_enable</name>
         <load_address>0x12090</load_address>
         <run_address>0x12090</run_address>
         <size>0x8</size>
         <input_file_ref idref="fl-b"/>
      </object_component>
      <object_component id="oc-676">
         <name>.text:Ref_enableReferenceVoltage</name>
         <load_address>0x12098</load_address>
         <run_address>0x12098</run_address>
         <size>0x6</size>
         <input_file_ref idref="fl-21"/>
      </object_component>
      <object_component id="oc-68e">
         <name>.text:SFR_clearInterrupt</name>
         <load_address>0x1209e</load_address>
         <run_address>0x1209e</run_address>
         <size>0x6</size>
         <input_file_ref idref="fl-26"/>
      </object_component>
      <object_component id="oc-694">
         <name>.text:SFR_enableInterrupt</name>
         <load_address>0x120a4</load_address>
         <run_address>0x120a4</run_address>
         <size>0x6</size>
         <input_file_ref idref="fl-26"/>
      </object_component>
      <object_component id="oc-759">
         <name>.text:Timer_B_startCounter</name>
         <load_address>0x120aa</load_address>
         <run_address>0x120aa</run_address>
         <size>0x6</size>
         <input_file_ref idref="fl-2a"/>
      </object_component>
      <object_component id="oc-642">
         <name>.text:USCI_A_UART_enable</name>
         <load_address>0x120b0</load_address>
         <run_address>0x120b0</run_address>
         <size>0x6</size>
         <input_file_ref idref="fl-2f"/>
      </object_component>
      <object_component id="oc-555">
         <name>.text:abort</name>
         <load_address>0x120b6</load_address>
         <run_address>0x120b6</run_address>
         <size>0x6</size>
         <input_file_ref idref="fl-7d"/>
      </object_component>
      <object_component id="oc-484">
         <name>.text:_system_pre_init</name>
         <load_address>0x120bc</load_address>
         <run_address>0x120bc</run_address>
         <size>0x4</size>
         <input_file_ref idref="fl-79"/>
      </object_component>
      <object_component id="oc-6b5">
         <name>.text:_system_post_cinit</name>
         <load_address>0x120c0</load_address>
         <run_address>0x120c0</run_address>
         <size>0x2</size>
         <input_file_ref idref="fl-7a"/>
      </object_component>
      <object_component id="oc-3a4">
         <name>.text:_isr:UART_A0_ISR</name>
         <load_address>0x4400</load_address>
         <run_address>0x4400</run_address>
         <size>0x22e</size>
         <input_file_ref idref="fl-9"/>
      </object_component>
      <object_component id="oc-3aa">
         <name>.text:_isr:TIMER0_B0_ISR</name>
         <load_address>0x462e</load_address>
         <run_address>0x462e</run_address>
         <size>0x2c</size>
         <input_file_ref idref="fl-8"/>
      </object_component>
      <object_component id="oc-38c">
         <name>.text:_isr:TIMER2_A0_ISR</name>
         <load_address>0x465a</load_address>
         <run_address>0x465a</run_address>
         <size>0x2a</size>
         <input_file_ref idref="fl-8"/>
      </object_component>
      <object_component id="oc-39e">
         <name>.text:_isr:ADC12_A_ISR</name>
         <load_address>0x4684</load_address>
         <run_address>0x4684</run_address>
         <size>0x26</size>
         <input_file_ref idref="fl-3"/>
      </object_component>
      <object_component id="oc-392">
         <name>.text:_isr:pushbutton_ISR</name>
         <load_address>0x46aa</load_address>
         <run_address>0x46aa</run_address>
         <size>0x26</size>
         <input_file_ref idref="fl-6"/>
      </object_component>
      <object_component id="oc-398">
         <name>.text:_isr:TIMER1_A0_ISR</name>
         <load_address>0x46d0</load_address>
         <run_address>0x46d0</run_address>
         <size>0x20</size>
         <input_file_ref idref="fl-8"/>
      </object_component>
      <object_component id="oc-3c8">
         <name>.text:_isr:_c_int00_noargs</name>
         <load_address>0x46f0</load_address>
         <run_address>0x46f0</run_address>
         <size>0x1c</size>
         <input_file_ref idref="fl-74"/>
      </object_component>
      <object_component id="oc-3b0">
         <name>.text:_isr:NMI_ISR</name>
         <load_address>0x470c</load_address>
         <run_address>0x470c</run_address>
         <size>0x18</size>
         <input_file_ref idref="fl-4"/>
      </object_component>
      <object_component id="oc-387">
         <name>.text:_isr:__TI_ISR_TRAP</name>
         <load_address>0x4724</load_address>
         <run_address>0x4724</run_address>
         <size>0x8</size>
         <input_file_ref idref="fl-6b"/>
      </object_component>
      <object_component id="oc-8d1">
         <name>.cinit..data.load</name>
         <load_address>0x47f8</load_address>
         <run_address>0x47f8</run_address>
         <size>0x11</size>
      </object_component>
      <object_component id="oc-8ce">
         <name>__TI_handler_table</name>
         <load_address>0x480a</load_address>
         <run_address>0x480a</run_address>
         <size>0xc</size>
      </object_component>
      <object_component id="oc-8d0">
         <name>.cinit..bss.load</name>
         <load_address>0x4816</load_address>
         <run_address>0x4816</run_address>
         <size>0x6</size>
      </object_component>
      <object_component id="oc-8cf">
         <name>__TI_cinit_table</name>
         <load_address>0x481c</load_address>
         <run_address>0x481c</run_address>
         <size>0x10</size>
      </object_component>
      <object_component id="oc-4c7">
         <name>.const:.string</name>
         <load_address>0x472c</load_address>
         <run_address>0x472c</run_address>
         <size>0x54</size>
         <input_file_ref idref="fl-9"/>
      </object_component>
      <object_component id="oc-4b0">
         <name>.const:GPIO_PORT_TO_BASE</name>
         <load_address>0x4780</load_address>
         <run_address>0x4780</run_address>
         <size>0x1c</size>
         <input_file_ref idref="fl-18"/>
      </object_component>
      <object_component id="oc-81d">
         <name>.const:.string</name>
         <load_address>0x479c</load_address>
         <run_address>0x479c</run_address>
         <size>0x14</size>
         <input_file_ref idref="fl-83"/>
      </object_component>
      <object_component id="oc-639">
         <name>.const:$P$T0$1</name>
         <load_address>0x47b0</load_address>
         <run_address>0x47b0</run_address>
         <size>0xc</size>
         <input_file_ref idref="fl-9"/>
      </object_component>
      <object_component id="oc-71d">
         <name>.const:$P$T0$1</name>
         <load_address>0x47bc</load_address>
         <run_address>0x47bc</run_address>
         <size>0xa</size>
         <input_file_ref idref="fl-8"/>
      </object_component>
      <object_component id="oc-73b">
         <name>.const:$P$T2$3</name>
         <load_address>0x47c6</load_address>
         <run_address>0x47c6</run_address>
         <size>0xa</size>
         <input_file_ref idref="fl-8"/>
      </object_component>
      <object_component id="oc-747">
         <name>.const:$P$T4$5</name>
         <load_address>0x47d0</load_address>
         <run_address>0x47d0</run_address>
         <size>0xa</size>
         <input_file_ref idref="fl-8"/>
      </object_component>
      <object_component id="oc-72c">
         <name>.const:$P$T1$2</name>
         <load_address>0x47da</load_address>
         <run_address>0x47da</run_address>
         <size>0x8</size>
         <input_file_ref idref="fl-8"/>
      </object_component>
      <object_component id="oc-73e">
         <name>.const:$P$T3$4</name>
         <load_address>0x47e2</load_address>
         <run_address>0x47e2</run_address>
         <size>0x8</size>
         <input_file_ref idref="fl-8"/>
      </object_component>
      <object_component id="oc-750">
         <name>.const:$P$T5$6</name>
         <load_address>0x47ea</load_address>
         <run_address>0x47ea</run_address>
         <size>0x8</size>
         <input_file_ref idref="fl-8"/>
      </object_component>
      <object_component id="oc-661">
         <name>.const:$P$T0$1</name>
         <load_address>0x47f2</load_address>
         <run_address>0x47f2</run_address>
         <size>0x5</size>
         <input_file_ref idref="fl-3"/>
      </object_component>
      <object_component id="oc-860">
         <name>.binit</name>
         <load_address>0x4400</load_address>
         <run_address>0x4400</run_address>
         <size>0x0</size>
      </object_component>
      <object_component id="oc-79">
         <name>.int41</name>
         <load_address>0xffd2</load_address>
         <run_address>0xffd2</run_address>
         <size>0x2</size>
         <input_file_ref idref="fl-5c"/>
      </object_component>
      <object_component id="oc-7a">
         <name>.int42</name>
         <load_address>0xffd4</load_address>
         <run_address>0xffd4</run_address>
         <size>0x2</size>
         <input_file_ref idref="fl-5d"/>
      </object_component>
      <object_component id="oc-7b">
         <name>.int43</name>
         <load_address>0xffd6</load_address>
         <run_address>0xffd6</run_address>
         <size>0x2</size>
         <input_file_ref idref="fl-5e"/>
      </object_component>
      <object_component id="oc-7c">
         <name>.int44</name>
         <load_address>0xffd8</load_address>
         <run_address>0xffd8</run_address>
         <size>0x2</size>
         <input_file_ref idref="fl-8"/>
      </object_component>
      <object_component id="oc-7d">
         <name>.int45</name>
         <load_address>0xffda</load_address>
         <run_address>0xffda</run_address>
         <size>0x2</size>
         <input_file_ref idref="fl-5f"/>
      </object_component>
      <object_component id="oc-7e">
         <name>.int46</name>
         <load_address>0xffdc</load_address>
         <run_address>0xffdc</run_address>
         <size>0x2</size>
         <input_file_ref idref="fl-60"/>
      </object_component>
      <object_component id="oc-7f">
         <name>.int47</name>
         <load_address>0xffde</load_address>
         <run_address>0xffde</run_address>
         <size>0x2</size>
         <input_file_ref idref="fl-6"/>
      </object_component>
      <object_component id="oc-80">
         <name>.int48</name>
         <load_address>0xffe0</load_address>
         <run_address>0xffe0</run_address>
         <size>0x2</size>
         <input_file_ref idref="fl-61"/>
      </object_component>
      <object_component id="oc-81">
         <name>.int49</name>
         <load_address>0xffe2</load_address>
         <run_address>0xffe2</run_address>
         <size>0x2</size>
         <input_file_ref idref="fl-8"/>
      </object_component>
      <object_component id="oc-82">
         <name>.int50</name>
         <load_address>0xffe4</load_address>
         <run_address>0xffe4</run_address>
         <size>0x2</size>
         <input_file_ref idref="fl-62"/>
      </object_component>
      <object_component id="oc-83">
         <name>.int51</name>
         <load_address>0xffe6</load_address>
         <run_address>0xffe6</run_address>
         <size>0x2</size>
         <input_file_ref idref="fl-63"/>
      </object_component>
      <object_component id="oc-84">
         <name>.int52</name>
         <load_address>0xffe8</load_address>
         <run_address>0xffe8</run_address>
         <size>0x2</size>
         <input_file_ref idref="fl-64"/>
      </object_component>
      <object_component id="oc-85">
         <name>.int53</name>
         <load_address>0xffea</load_address>
         <run_address>0xffea</run_address>
         <size>0x2</size>
         <input_file_ref idref="fl-65"/>
      </object_component>
      <object_component id="oc-86">
         <name>.int54</name>
         <load_address>0xffec</load_address>
         <run_address>0xffec</run_address>
         <size>0x2</size>
         <input_file_ref idref="fl-3"/>
      </object_component>
      <object_component id="oc-87">
         <name>.int55</name>
         <load_address>0xffee</load_address>
         <run_address>0xffee</run_address>
         <size>0x2</size>
         <input_file_ref idref="fl-66"/>
      </object_component>
      <object_component id="oc-88">
         <name>.int56</name>
         <load_address>0xfff0</load_address>
         <run_address>0xfff0</run_address>
         <size>0x2</size>
         <input_file_ref idref="fl-9"/>
      </object_component>
      <object_component id="oc-89">
         <name>.int57</name>
         <load_address>0xfff2</load_address>
         <run_address>0xfff2</run_address>
         <size>0x2</size>
         <input_file_ref idref="fl-67"/>
      </object_component>
      <object_component id="oc-8a">
         <name>.int58</name>
         <load_address>0xfff4</load_address>
         <run_address>0xfff4</run_address>
         <size>0x2</size>
         <input_file_ref idref="fl-68"/>
      </object_component>
      <object_component id="oc-8b">
         <name>.int59</name>
         <load_address>0xfff6</load_address>
         <run_address>0xfff6</run_address>
         <size>0x2</size>
         <input_file_ref idref="fl-8"/>
      </object_component>
      <object_component id="oc-8c">
         <name>.int60</name>
         <load_address>0xfff8</load_address>
         <run_address>0xfff8</run_address>
         <size>0x2</size>
         <input_file_ref idref="fl-69"/>
      </object_component>
      <object_component id="oc-8d">
         <name>.int61</name>
         <load_address>0xfffa</load_address>
         <run_address>0xfffa</run_address>
         <size>0x2</size>
         <input_file_ref idref="fl-4"/>
      </object_component>
      <object_component id="oc-8e">
         <name>.int62</name>
         <load_address>0xfffc</load_address>
         <run_address>0xfffc</run_address>
         <size>0x2</size>
         <input_file_ref idref="fl-6a"/>
      </object_component>
      <object_component id="oc-36e">
         <name>.reset</name>
         <load_address>0xfffe</load_address>
         <run_address>0xfffe</run_address>
         <size>0x2</size>
         <input_file_ref idref="fl-74"/>
      </object_component>
      <object_component id="oc-597">
         <name>.debug_info</name>
         <load_address>0x0</load_address>
         <run_address>0x0</run_address>
         <size>0x347</size>
         <input_file_ref idref="fl-2"/>
      </object_component>
      <object_component id="oc-51f">
         <name>.debug_info</name>
         <load_address>0x347</load_address>
         <run_address>0x347</run_address>
         <size>0x127</size>
         <input_file_ref idref="fl-2"/>
      </object_component>
      <object_component id="oc-543">
         <name>.debug_info</name>
         <load_address>0x46e</load_address>
         <run_address>0x46e</run_address>
         <size>0x159</size>
         <input_file_ref idref="fl-2"/>
      </object_component>
      <object_component id="oc-48b">
         <name>.debug_info</name>
         <load_address>0x5c7</load_address>
         <run_address>0x5c7</run_address>
         <size>0x1aa</size>
         <input_file_ref idref="fl-2"/>
      </object_component>
      <object_component id="oc-516">
         <name>.debug_info</name>
         <load_address>0x771</load_address>
         <run_address>0x771</run_address>
         <size>0x26b</size>
         <input_file_ref idref="fl-2"/>
      </object_component>
      <object_component id="oc-689">
         <name>.debug_info</name>
         <load_address>0x9dc</load_address>
         <run_address>0x9dc</run_address>
         <size>0x9e</size>
         <input_file_ref idref="fl-2"/>
      </object_component>
      <object_component id="oc-742">
         <name>.debug_info</name>
         <load_address>0xa7a</load_address>
         <run_address>0xa7a</run_address>
         <size>0x38f</size>
         <input_file_ref idref="fl-2"/>
      </object_component>
      <object_component id="oc-760">
         <name>.debug_info</name>
         <load_address>0xe09</load_address>
         <run_address>0xe09</run_address>
         <size>0x38f</size>
         <input_file_ref idref="fl-2"/>
      </object_component>
      <object_component id="oc-5cf">
         <name>.debug_info</name>
         <load_address>0x1198</load_address>
         <run_address>0x1198</run_address>
         <size>0xee</size>
         <input_file_ref idref="fl-2"/>
      </object_component>
      <object_component id="oc-511">
         <name>.debug_info</name>
         <load_address>0x1286</load_address>
         <run_address>0x1286</run_address>
         <size>0x8b</size>
         <input_file_ref idref="fl-2"/>
      </object_component>
      <object_component id="oc-4b5">
         <name>.debug_info</name>
         <load_address>0x1311</load_address>
         <run_address>0x1311</run_address>
         <size>0x282</size>
         <input_file_ref idref="fl-2"/>
      </object_component>
      <object_component id="oc-417">
         <name>.debug_info</name>
         <load_address>0x1593</load_address>
         <run_address>0x1593</run_address>
         <size>0xbb</size>
         <input_file_ref idref="fl-2"/>
      </object_component>
      <object_component id="oc-5d9">
         <name>.debug_info</name>
         <load_address>0x164e</load_address>
         <run_address>0x164e</run_address>
         <size>0xcc</size>
         <input_file_ref idref="fl-2"/>
      </object_component>
      <object_component id="oc-7c2">
         <name>.debug_info</name>
         <load_address>0x171a</load_address>
         <run_address>0x171a</run_address>
         <size>0x2c</size>
         <input_file_ref idref="fl-2"/>
      </object_component>
      <object_component id="oc-5d4">
         <name>.debug_info</name>
         <load_address>0x1746</load_address>
         <run_address>0x1746</run_address>
         <size>0x35</size>
         <input_file_ref idref="fl-2"/>
      </object_component>
      <object_component id="oc-772">
         <name>.debug_info</name>
         <load_address>0x177b</load_address>
         <run_address>0x177b</run_address>
         <size>0x5b4</size>
         <input_file_ref idref="fl-3"/>
      </object_component>
      <object_component id="oc-662">
         <name>.debug_info</name>
         <load_address>0x1d2f</load_address>
         <run_address>0x1d2f</run_address>
         <size>0xf2</size>
         <input_file_ref idref="fl-3"/>
      </object_component>
      <object_component id="oc-53d">
         <name>.debug_info</name>
         <load_address>0x1e21</load_address>
         <run_address>0x1e21</run_address>
         <size>0x293</size>
         <input_file_ref idref="fl-3"/>
      </object_component>
      <object_component id="oc-39f">
         <name>.debug_info</name>
         <load_address>0x20b4</load_address>
         <run_address>0x20b4</run_address>
         <size>0x189</size>
         <input_file_ref idref="fl-3"/>
      </object_component>
      <object_component id="oc-479">
         <name>.debug_info</name>
         <load_address>0x223d</load_address>
         <run_address>0x223d</run_address>
         <size>0x2fe</size>
         <input_file_ref idref="fl-4"/>
      </object_component>
      <object_component id="oc-611">
         <name>.debug_info</name>
         <load_address>0x253b</load_address>
         <run_address>0x253b</run_address>
         <size>0xf9</size>
         <input_file_ref idref="fl-4"/>
      </object_component>
      <object_component id="oc-3b1">
         <name>.debug_info</name>
         <load_address>0x2634</load_address>
         <run_address>0x2634</run_address>
         <size>0x16a</size>
         <input_file_ref idref="fl-4"/>
      </object_component>
      <object_component id="oc-52b">
         <name>.debug_info</name>
         <load_address>0x279e</load_address>
         <run_address>0x279e</run_address>
         <size>0x1db</size>
         <input_file_ref idref="fl-4"/>
      </object_component>
      <object_component id="oc-77e">
         <name>.debug_info</name>
         <load_address>0x2979</load_address>
         <run_address>0x2979</run_address>
         <size>0x197</size>
         <input_file_ref idref="fl-5"/>
      </object_component>
      <object_component id="oc-69d">
         <name>.debug_info</name>
         <load_address>0x2b10</load_address>
         <run_address>0x2b10</run_address>
         <size>0xec</size>
         <input_file_ref idref="fl-5"/>
      </object_component>
      <object_component id="oc-6a0">
         <name>.debug_info</name>
         <load_address>0x2bfc</load_address>
         <run_address>0x2bfc</run_address>
         <size>0x105</size>
         <input_file_ref idref="fl-5"/>
      </object_component>
      <object_component id="oc-54f">
         <name>.debug_info</name>
         <load_address>0x2d01</load_address>
         <run_address>0x2d01</run_address>
         <size>0x167</size>
         <input_file_ref idref="fl-5"/>
      </object_component>
      <object_component id="oc-41d">
         <name>.debug_info</name>
         <load_address>0x2e68</load_address>
         <run_address>0x2e68</run_address>
         <size>0x1a1</size>
         <input_file_ref idref="fl-6"/>
      </object_component>
      <object_component id="oc-393">
         <name>.debug_info</name>
         <load_address>0x3009</load_address>
         <run_address>0x3009</run_address>
         <size>0x1a0</size>
         <input_file_ref idref="fl-6"/>
      </object_component>
      <object_component id="oc-525">
         <name>.debug_info</name>
         <load_address>0x31a9</load_address>
         <run_address>0x31a9</run_address>
         <size>0x1de</size>
         <input_file_ref idref="fl-6"/>
      </object_component>
      <object_component id="oc-4e4">
         <name>.debug_info</name>
         <load_address>0x3387</load_address>
         <run_address>0x3387</run_address>
         <size>0x1cb</size>
         <input_file_ref idref="fl-7"/>
      </object_component>
      <object_component id="oc-4f8">
         <name>.debug_info</name>
         <load_address>0x3552</load_address>
         <run_address>0x3552</run_address>
         <size>0xf4</size>
         <input_file_ref idref="fl-7"/>
      </object_component>
      <object_component id="oc-4ec">
         <name>.debug_info</name>
         <load_address>0x3646</load_address>
         <run_address>0x3646</run_address>
         <size>0xf4</size>
         <input_file_ref idref="fl-7"/>
      </object_component>
      <object_component id="oc-4f4">
         <name>.debug_info</name>
         <load_address>0x373a</load_address>
         <run_address>0x373a</run_address>
         <size>0xf4</size>
         <input_file_ref idref="fl-7"/>
      </object_component>
      <object_component id="oc-549">
         <name>.debug_info</name>
         <load_address>0x382e</load_address>
         <run_address>0x382e</run_address>
         <size>0x15c</size>
         <input_file_ref idref="fl-7"/>
      </object_component>
      <object_component id="oc-434">
         <name>.debug_info</name>
         <load_address>0x398a</load_address>
         <run_address>0x398a</run_address>
         <size>0x42c</size>
         <input_file_ref idref="fl-7"/>
      </object_component>
      <object_component id="oc-7ee">
         <name>.debug_info</name>
         <load_address>0x3db6</load_address>
         <run_address>0x3db6</run_address>
         <size>0x554</size>
         <input_file_ref idref="fl-8"/>
      </object_component>
      <object_component id="oc-42a">
         <name>.debug_info</name>
         <load_address>0x430a</load_address>
         <run_address>0x430a</run_address>
         <size>0x111</size>
         <input_file_ref idref="fl-8"/>
      </object_component>
      <object_component id="oc-71e">
         <name>.debug_info</name>
         <load_address>0x441b</load_address>
         <run_address>0x441b</run_address>
         <size>0xf4</size>
         <input_file_ref idref="fl-8"/>
      </object_component>
      <object_component id="oc-72d">
         <name>.debug_info</name>
         <load_address>0x450f</load_address>
         <run_address>0x450f</run_address>
         <size>0xf4</size>
         <input_file_ref idref="fl-8"/>
      </object_component>
      <object_component id="oc-73c">
         <name>.debug_info</name>
         <load_address>0x4603</load_address>
         <run_address>0x4603</run_address>
         <size>0xf4</size>
         <input_file_ref idref="fl-8"/>
      </object_component>
      <object_component id="oc-73f">
         <name>.debug_info</name>
         <load_address>0x46f7</load_address>
         <run_address>0x46f7</run_address>
         <size>0xf4</size>
         <input_file_ref idref="fl-8"/>
      </object_component>
      <object_component id="oc-748">
         <name>.debug_info</name>
         <load_address>0x47eb</load_address>
         <run_address>0x47eb</run_address>
         <size>0xf4</size>
         <input_file_ref idref="fl-8"/>
      </object_component>
      <object_component id="oc-751">
         <name>.debug_info</name>
         <load_address>0x48df</load_address>
         <run_address>0x48df</run_address>
         <size>0xf4</size>
         <input_file_ref idref="fl-8"/>
      </object_component>
      <object_component id="oc-38d">
         <name>.debug_info</name>
         <load_address>0x49d3</load_address>
         <run_address>0x49d3</run_address>
         <size>0x1cd</size>
         <input_file_ref idref="fl-8"/>
      </object_component>
      <object_component id="oc-399">
         <name>.debug_info</name>
         <load_address>0x4ba0</load_address>
         <run_address>0x4ba0</run_address>
         <size>0x1b0</size>
         <input_file_ref idref="fl-8"/>
      </object_component>
      <object_component id="oc-3ab">
         <name>.debug_info</name>
         <load_address>0x4d50</load_address>
         <run_address>0x4d50</run_address>
         <size>0x1cd</size>
         <input_file_ref idref="fl-8"/>
      </object_component>
      <object_component id="oc-621">
         <name>.debug_info</name>
         <load_address>0x4f1d</load_address>
         <run_address>0x4f1d</run_address>
         <size>0x337</size>
         <input_file_ref idref="fl-8"/>
      </object_component>
      <object_component id="oc-627">
         <name>.debug_info</name>
         <load_address>0x5254</load_address>
         <run_address>0x5254</run_address>
         <size>0x247</size>
         <input_file_ref idref="fl-8"/>
      </object_component>
      <object_component id="oc-531">
         <name>.debug_info</name>
         <load_address>0x549b</load_address>
         <run_address>0x549b</run_address>
         <size>0x177</size>
         <input_file_ref idref="fl-8"/>
      </object_component>
      <object_component id="oc-503">
         <name>.debug_info</name>
         <load_address>0x5612</load_address>
         <run_address>0x5612</run_address>
         <size>0x5e3</size>
         <input_file_ref idref="fl-9"/>
      </object_component>
      <object_component id="oc-441">
[...]
         <name>BPM</name>
         <value>0x2942</value>
         <object_component_ref idref="oc-440"/>
      </symbol>
      <symbol id="sm-528">
         <name>uart_transmit_data_start</name>
         <value>0x11366</value>
         <object_component_ref idref="oc-4c8"/>
      </symbol>
      <symbol id="sm-529">
         <name>fm_counter</name>
         <value>0x2946</value>
         <object_component_ref idref="oc-440"/>
      </symbol>
      <symbol id="sm-52a">
         <name>uart_transmit_data_end</name>
         <value>0x11964</value>
         <object_component_ref idref="oc-4d4"/>
      </symbol>
      <symbol id="sm-52b">
         <name>__TI_int56</name>
         <value>0xfff0</value>
         <object_component_ref idref="oc-88"/>
      </symbol>
      <symbol id="sm-52c">
         <name>uart_transmit_set_val</name>
         <value>0x296a</value>
         <object_component_ref idref="oc-5a3"/>
      </symbol>
      <symbol id="sm-52d">
         <name>i</name>
         <value>0x2945</value>
         <object_component_ref idref="oc-440"/>
      </symbol>
      <symbol id="sm-52e">
         <name>uart_received_data</name>
         <value>0x294c</value>
         <object_component_ref idref="oc-449"/>
      </symbol>
      <symbol id="sm-52f">
         <name>uart_transmit_full_message</name>
         <value>0x28f0</value>
         <object_component_ref idref="oc-59a"/>
      </symbol>
      <symbol id="sm-530">
         <name>number_beats</name>
         <value>0x2940</value>
         <object_component_ref idref="oc-440"/>
      </symbol>
      <symbol id="sm-531">
         <name>PULS_MINUS</name>
         <value>0x11ec6</value>
         <object_component_ref idref="oc-458"/>
      </symbol>
      <symbol id="sm-532">
         <name>uart_timer_one_sec</name>
         <value>0x2948</value>
         <object_component_ref idref="oc-440"/>
      </symbol>
      <symbol id="sm-533">
         <name>PULS_PLUS</name>
         <value>0x11ee0</value>
         <object_component_ref idref="oc-452"/>
      </symbol>
      <symbol id="sm-534">
         <name>Test_UART</name>
         <value>0x11eaa</value>
         <object_component_ref idref="oc-422"/>
      </symbol>
      <symbol id="sm-535">
         <name>UART_A0_ISR</name>
         <value>0x4400</value>
         <object_component_ref idref="oc-3a4"/>
      </symbol>
      <symbol id="sm-536">
         <name>counter</name>
         <value>0x293e</value>
         <object_component_ref idref="oc-440"/>
      </symbol>
      <symbol id="sm-537">
         <name>uart_receive_data_end</name>
         <value>0x11b0c</value>
         <object_component_ref idref="oc-44c"/>
      </symbol>
      <symbol id="sm-538">
         <name>Init_UART</name>
         <value>0x11536</value>
         <object_component_ref idref="oc-536"/>
      </symbol>
      <symbol id="sm-539">
         <name>UART_Dreieck</name>
         <value>0x11d40</value>
         <object_component_ref idref="oc-439"/>
      </symbol>
      <symbol id="sm-53a">
         <name>uart_received_data_counter</name>
         <value>0x2944</value>
         <object_component_ref idref="oc-440"/>
      </symbol>
      <symbol id="sm-53b">
         <name>puls_val</name>
         <value>0x294a</value>
         <object_component_ref idref="oc-440"/>
      </symbol>
      <symbol id="sm-53c">
         <name>beats</name>
         <value>0x293a</value>
         <object_component_ref idref="oc-440"/>
      </symbol>
      <symbol id="sm-53d">
         <name>uart_transmit_data_value</name>
         <value>0x115b6</value>
         <object_component_ref idref="oc-4ce"/>
      </symbol>
      <symbol id="sm-53e">
         <name>pulseperiod</name>
         <value>0x293c</value>
         <object_component_ref idref="oc-440"/>
      </symbol>
      <symbol id="sm-57f">
         <name>ADC12_A_getResults</name>
         <value>0x11fd0</value>
         <object_component_ref idref="oc-42d"/>
      </symbol>
      <symbol id="sm-580">
         <name>ADC12_A_init</name>
         <value>0x117a6</value>
         <object_component_ref idref="oc-64f"/>
      </symbol>
      <symbol id="sm-581">
         <name>ADC12_A_enable</name>
         <value>0x12090</value>
         <object_component_ref idref="oc-655"/>
      </symbol>
      <symbol id="sm-582">
         <name>ADC12_A_clearInterrupt</name>
         <value>0x11fee</value>
         <object_component_ref idref="oc-67c"/>
      </symbol>
      <symbol id="sm-583">
         <name>ADC12_A_setupSamplingTimer</name>
         <value>0x11c88</value>
         <object_component_ref idref="oc-65b"/>
      </symbol>
      <symbol id="sm-584">
         <name>ADC12_A_configureMemory</name>
         <value>0x11c62</value>
         <object_component_ref idref="oc-664"/>
      </symbol>
      <symbol id="sm-585">
         <name>ADC12_A_enableInterrupt</name>
         <value>0x119a8</value>
         <object_component_ref idref="oc-682"/>
      </symbol>
      <symbol id="sm-5dc">
         <name>GPIO_setOutputHighOnPin</name>
         <value>0x11e56</value>
         <object_component_ref idref="oc-4ba"/>
      </symbol>
      <symbol id="sm-5dd">
         <name>GPIO_setAsInputPinWithPullUpResistor</name>
         <value>0x11a28</value>
         <object_component_ref idref="oc-5eb"/>
      </symbol>
      <symbol id="sm-5de">
         <name>GPIO_enableInterrupt</name>
         <value>0x11dc0</value>
         <object_component_ref idref="oc-5f1"/>
      </symbol>
      <symbol id="sm-5df">
         <name>GPIO_setAsOutputPin</name>
         <value>0x11bc2</value>
         <object_component_ref idref="oc-5e5"/>
      </symbol>
      <symbol id="sm-5e0">
         <name>GPIO_setOutputLowOnPin</name>
         <value>0x11e72</value>
         <object_component_ref idref="oc-4c0"/>
      </symbol>
      <symbol id="sm-5e1">
         <name>GPIO_toggleOutputOnPin</name>
         <value>0x11e8e</value>
         <object_component_ref idref="oc-40a"/>
      </symbol>
      <symbol id="sm-5e2">
         <name>GPIO_setAsPeripheralModuleFunctionOutputPin</name>
         <value>0x11c12</value>
         <object_component_ref idref="oc-633"/>
      </symbol>
      <symbol id="sm-5e3">
         <name>GPIO_setAsPeripheralModuleFunctionInputPin</name>
         <value>0x11bea</value>
         <object_component_ref idref="oc-62d"/>
      </symbol>
      <symbol id="sm-610">
         <name>PMM_setVCore</name>
         <value>0x11754</value>
         <object_component_ref idref="oc-5f8"/>
      </symbol>
      <symbol id="sm-611">
         <name>PMM_setVCoreDown</name>
         <value>0x1140a</value>
         <object_component_ref idref="oc-702"/>
      </symbol>
      <symbol id="sm-612">
         <name>PMM_setVCoreUp</name>
         <value>0x10c6e</value>
         <object_component_ref idref="oc-6fc"/>
      </symbol>
      <symbol id="sm-62a">
         <name>Ref_isRefGenBusy</name>
         <value>0x1204a</value>
         <object_component_ref idref="oc-66a"/>
      </symbol>
      <symbol id="sm-62b">
         <name>Ref_enableReferenceVoltage</name>
         <value>0x12098</value>
         <object_component_ref idref="oc-676"/>
      </symbol>
      <symbol id="sm-62c">
         <name>Ref_setReferenceVoltage</name>
         <value>0x11ffa</value>
         <object_component_ref idref="oc-670"/>
      </symbol>
      <symbol id="sm-640">
         <name>SFR_enableInterrupt</name>
         <value>0x120a4</value>
         <object_component_ref idref="oc-694"/>
      </symbol>
      <symbol id="sm-641">
         <name>SFR_clearInterrupt</name>
         <value>0x1209e</value>
         <object_component_ref idref="oc-68e"/>
      </symbol>
      <symbol id="sm-673">
         <name>Timer_A_setCompareValue</name>
         <value>0x12006</value>
         <object_component_ref idref="oc-410"/>
      </symbol>
      <symbol id="sm-674">
         <name>Timer_A_clearCaptureCompareInterrupt</name>
         <value>0x12054</value>
         <object_component_ref idref="oc-726"/>
      </symbol>
      <symbol id="sm-675">
         <name>Timer_A_initContinuousMode</name>
         <value>0x117f6</value>
         <object_component_ref idref="oc-720"/>
      </symbol>
      <symbol id="sm-676">
         <name>Timer_A_initCompareMode</name>
         <value>0x11a66</value>
         <object_component_ref idref="oc-72f"/>
      </symbol>
      <symbol id="sm-677">
         <name>Timer_A_startCounter</name>
         <value>0x12012</value>
         <object_component_ref idref="oc-735"/>
      </symbol>
      <symbol id="sm-678">
         <name>Timer_A_getCaptureCompareCount</name>
         <value>0x1205e</value>
         <object_component_ref idref="oc-404"/>
      </symbol>
      <symbol id="sm-6a0">
         <name>Timer_B_getCaptureCompareCount</name>
         <value>0x12072</value>
         <object_component_ref idref="oc-465"/>
      </symbol>
      <symbol id="sm-6a1">
         <name>Timer_B_setCompareValue</name>
         <value>0x1201e</value>
         <object_component_ref idref="oc-46b"/>
      </symbol>
      <symbol id="sm-6a2">
         <name>Timer_B_initCompareMode</name>
         <value>0x11a9e</value>
         <object_component_ref idref="oc-753"/>
      </symbol>
      <symbol id="sm-6a3">
         <name>Timer_B_startCounter</name>
         <value>0x120aa</value>
         <object_component_ref idref="oc-759"/>
      </symbol>
      <symbol id="sm-6a4">
         <name>Timer_B_clearCaptureCompareInterrupt</name>
         <value>0x12068</value>
         <object_component_ref idref="oc-74a"/>
      </symbol>
      <symbol id="sm-721">
         <name>UCS_clearAllOscFlagsWithTimeout</name>
         <value>0x11dde</value>
         <object_component_ref idref="oc-472"/>
      </symbol>
      <symbol id="sm-722">
         <name>UCS_initClockSignal</name>
         <value>0x112c0</value>
         <object_component_ref idref="oc-5fe"/>
      </symbol>
      <symbol id="sm-723">
         <name>UCS_initFLLSettle</name>
         <value>0x11ad6</value>
         <object_component_ref idref="oc-604"/>
      </symbol>
      <symbol id="sm-724">
         <name>UCS_initFLL</name>
         <value>0x10b8c</value>
         <object_component_ref idref="oc-70a"/>
      </symbol>
      <symbol id="sm-725">
         <name>UCS_getSMCLK</name>
         <value>0x11efa</value>
         <object_component_ref idref="oc-60a"/>
      </symbol>
      <symbol id="sm-726">
         <name>UCS_getACLK</name>
         <value>0x11dfc</value>
         <object_component_ref idref="oc-619"/>
      </symbol>
      <symbol id="sm-727">
         <name>UCS_getMCLK</name>
         <value>0x11f42</value>
         <object_component_ref idref="oc-613"/>
      </symbol>
      <symbol id="sm-765">
         <name>USCI_A_UART_init</name>
         <value>0x10fe2</value>
         <object_component_ref idref="oc-63c"/>
      </symbol>
      <symbol id="sm-766">
         <name>USCI_A_UART_clearInterrupt</name>
         <value>0x1202a</value>
         <object_component_ref idref="oc-45e"/>
      </symbol>
      <symbol id="sm-767">
         <name>USCI_A_UART_queryStatusFlags</name>
         <value>0x1207c</value>
         <object_component_ref idref="oc-5b2"/>
      </symbol>
      <symbol id="sm-768">
         <name>USCI_A_UART_receiveData</name>
         <value>0x11e38</value>
         <object_component_ref idref="oc-443"/>
      </symbol>
      <symbol id="sm-769">
         <name>USCI_A_UART_transmitData</name>
         <value>0x11d60</value>
         <object_component_ref idref="oc-5ac"/>
      </symbol>
      <symbol id="sm-76a">
         <name>USCI_A_UART_enableInterrupt</name>
         <value>0x11e1a</value>
         <object_component_ref idref="oc-648"/>
      </symbol>
      <symbol id="sm-76b">
         <name>USCI_A_UART_enable</name>
         <value>0x120b0</value>
         <object_component_ref idref="oc-642"/>
      </symbol>
      <symbol id="sm-776">
         <name>WDT_A_hold</name>
         <value>0x11d80</value>
         <object_component_ref idref="oc-5de"/>
      </symbol>
      <symbol id="sm-797">
         <name>sprintf</name>
         <value>0x11920</value>
         <object_component_ref idref="oc-5b9"/>
      </symbol>
      <symbol id="sm-7a3">
         <name>__mspabi_remi</name>
         <value>0x11b96</value>
         <object_component_ref idref="oc-7e6"/>
      </symbol>
      <symbol id="sm-7a4">
         <name>__mspabi_divi</name>
         <value>0x11b96</value>
         <object_component_ref idref="oc-7e6"/>
      </symbol>
      <symbol id="sm-7ae">
         <name>__mspabi_remu</name>
         <value>0x11f6e</value>
         <object_component_ref idref="oc-842"/>
      </symbol>
      <symbol id="sm-7af">
         <name>__mspabi_divu</name>
         <value>0x11f6e</value>
         <object_component_ref idref="oc-842"/>
      </symbol>
      <symbol id="sm-7bb">
         <name>__mspabi_remli</name>
         <value>0x119e8</value>
         <object_component_ref idref="oc-7e1"/>
      </symbol>
      <symbol id="sm-7bc">
         <name>__mspabi_divli</name>
         <value>0x119e8</value>
         <object_component_ref idref="oc-7e1"/>
      </symbol>
      <symbol id="sm-7ca">
         <name>__mspabi_remul</name>
         <value>0x116a8</value>
         <object_component_ref idref="oc-7d6"/>
      </symbol>
      <symbol id="sm-7cb">
         <name>__mspabi_divul</name>
         <value>0x116a8</value>
         <object_component_ref idref="oc-7d6"/>
      </symbol>
      <symbol id="sm-7e6">
         <name>__mspabi_subf</name>
         <value>0x1083e</value>
         <object_component_ref idref="oc-4ee"/>
      </symbol>
      <symbol id="sm-7e7">
         <name>__mspabi_addf</name>
         <value>0x10844</value>
         <object_component_ref idref="oc-4ee"/>
      </symbol>
      <symbol id="sm-7fe">
         <name>__mspabi_mpyf</name>
         <value>0x110b8</value>
         <object_component_ref idref="oc-4e6"/>
      </symbol>
      <symbol id="sm-80d">
         <name>__mspabi_fixfu</name>
         <value>0x118da</value>
         <object_component_ref idref="oc-4fa"/>
      </symbol>
      <symbol id="sm-818">
         <name>__mspabi_fltuf</name>
         <value>0x11cf8</value>
         <object_component_ref idref="oc-4de"/>
      </symbol>
      <symbol id="sm-81b">
         <name>__TI_int41</name>
         <value>0xffd2</value>
         <object_component_ref idref="oc-79"/>
      </symbol>
      <symbol id="sm-81e">
         <name>__TI_int42</name>
         <value>0xffd4</value>
         <object_component_ref idref="oc-7a"/>
      </symbol>
      <symbol id="sm-821">
         <name>__TI_int43</name>
         <value>0xffd6</value>
         <object_component_ref idref="oc-7b"/>
      </symbol>
      <symbol id="sm-824">
         <name>__TI_int45</name>
         <value>0xffda</value>
         <object_component_ref idref="oc-7d"/>
      </symbol>
      <symbol id="sm-827">
         <name>__TI_int46</name>
         <value>0xffdc</value>
         <object_component_ref idref="oc-7e"/>
      </symbol>
      <symbol id="sm-82a">
         <name>__TI_int48</name>
         <value>0xffe0</value>
         <object_component_ref idref="oc-80"/>
      </symbol>
      <symbol id="sm-82d">
         <name>__TI_int50</name>
         <value>0xffe4</value>
         <object_component_ref idref="oc-82"/>
      </symbol>
      <symbol id="sm-830">
         <name>__TI_int51</name>
         <value>0xffe6</value>
         <object_component_ref idref="oc-83"/>
      </symbol>
      <symbol id="sm-833">
         <name>__TI_int52</name>
         <value>0xffe8</value>
         <object_component_ref idref="oc-84"/>
      </symbol>
      <symbol id="sm-836">
         <name>__TI_int53</name>
         <value>0xffea</value>
         <object_component_ref idref="oc-85"/>
      </symbol>
      <symbol id="sm-839">
         <name>__TI_int55</name>
         <value>0xffee</value>
         <object_component_ref idref="oc-87"/>
      </symbol>
      <symbol id="sm-83c">
         <name>__TI_int57</name>
         <value>0xfff2</value>
         <object_component_ref idref="oc-89"/>
      </symbol>
      <symbol id="sm-83f">
         <name>__TI_int58</name>
         <value>0xfff4</value>
         <object_component_ref idref="oc-8a"/>
      </symbol>
      <symbol id="sm-842">
         <name>__TI_int60</name>
         <value>0xfff8</value>
         <object_component_ref idref="oc-8c"/>
      </symbol>
      <symbol id="sm-845">
         <name>__TI_int62</name>
         <value>0xfffc</value>
         <object_component_ref idref="oc-8e"/>
      </symbol>
      <symbol id="sm-84d">
         <name>__TI_ISR_TRAP</name>
         <value>0x4724</value>
         <object_component_ref idref="oc-387"/>
      </symbol>
      <symbol id="sm-856">
         <name>__mspabi_slli</name>
         <value>0x12086</value>
         <object_component_ref idref="oc-836"/>
      </symbol>
      <symbol id="sm-85f">
         <name>__mspabi_mpyi_f5hw</name>
         <value>0x11f14</value>
         <object_component_ref idref="oc-7a2"/>
      </symbol>
      <symbol id="sm-869">
         <name>__mspabi_mpyl_f5hw</name>
         <value>0x11d1c</value>
         <object_component_ref idref="oc-83b"/>
      </symbol>
      <symbol id="sm-87b">
         <name>_stack</name>
         <value>0x4360</value>
         <object_component_ref idref="oc-36b"/>
      </symbol>
      <symbol id="sm-87c">
         <name>_c_int00_noargs</name>
         <value>0x46f0</value>
         <object_component_ref idref="oc-3c8"/>
      </symbol>
      <symbol id="sm-87d">
         <name>_reset_vector</name>
         <value>0xfffe</value>
         <object_component_ref idref="oc-36e"/>
      </symbol>
      <symbol id="sm-8a0">
         <name>__TI_auto_init_nobinit_nopinit_hold_wdt</name>
         <value>0x11700</value>
         <object_component_ref idref="oc-579"/>
      </symbol>
      <symbol id="sm-8b3">
         <name>__TI_zero_init</name>
         <value>0x11cd4</value>
         <object_component_ref idref="oc-3bc"/>
      </symbol>
      <symbol id="sm-8c3">
         <name>_system_pre_init</name>
         <value>0x120bc</value>
         <object_component_ref idref="oc-484"/>
      </symbol>
      <symbol id="sm-8cc">
         <name>_system_post_cinit</name>
         <value>0x120c0</value>
         <object_component_ref idref="oc-6b5"/>
      </symbol>
      <symbol id="sm-8dd">
         <name>__TI_decompress_none</name>
         <value>0x11fac</value>
         <object_component_ref idref="oc-73"/>
      </symbol>
      <symbol id="sm-900">
         <name>__TI_decompress_lzss</name>
         <value>0x11632</value>
         <object_component_ref idref="oc-6d"/>
      </symbol>
      <symbol id="sm-90a">
         <name>C$$EXIT</name>
         <value>0x120b6</value>
         <object_component_ref idref="oc-555"/>
      </symbol>
      <symbol id="sm-90b">
         <name>abort</name>
         <value>0x120b6</value>
         <object_component_ref idref="oc-555"/>
      </symbol>
      <symbol id="sm-91b">
         <name>memcpy</name>
         <value>0x11f98</value>
         <object_component_ref idref="oc-37a"/>
      </symbol>
      <symbol id="sm-928">
         <name>strcpy</name>
         <value>0x11fbe</value>
         <object_component_ref idref="oc-5a6"/>
      </symbol>
      <symbol id="sm-935">
         <name>strlen</name>
         <value>0x11fe0</value>
         <object_component_ref idref="oc-59d"/>
      </symbol>
      <symbol id="sm-989">
         <name>__TI_printfi_minimal</name>
         <value>0x10e2c</value>
         <object_component_ref idref="oc-6f0"/>
      </symbol>
      <symbol id="sm-99a">
         <name>memccpy</name>
         <value>0x11cae</value>
         <object_component_ref idref="oc-824"/>
      </symbol>
      <symbol id="sm-9a8">
         <name>memset</name>
         <value>0x11f58</value>
         <object_component_ref idref="oc-817"/>
      </symbol>
   </symbol_table>
   <title>Link successful</title>
</link_info>
